******************************************************************************
                  TI ARM Linker PC v16.9.4                     
******************************************************************************
>> Linked Thu Nov 23 04:32:21 2017

OUTPUT FILE NAME:   <CSRobot_01.out>
ENTRY POINT SYMBOL: "_c_int00"  address: 0000ae69


MEMORY CONFIGURATION

         name            origin    length      used     unused   attr    fill
----------------------  --------  ---------  --------  --------  ----  --------
  MAIN                  00000000   00040000  000109ea  0002f616  R  X
  INFO                  00200000   00004000  00000000  00004000  R  X
  SRAM_CODE             01000000   00010000  00000000  00010000  RW X
  SRAM_DATA             20000000   00010000  00006490  00009b70  RW  


SEGMENT ALLOCATION MAP

run origin  load origin   length   init length attrs members
----------  ----------- ---------- ----------- ----- -------
00000000    00000000    000109f8   000109f8    r-x
  00000000    00000000    0000003c   0000003c    r-- .resetVecs
  00000040    00000040    0000d9da   0000d9da    r-x .text
  0000da20    0000da20    00002c1c   00002c1c    r-- .const
  00010640    00010640    000003b8   000003b8    r-- .cinit
20000000    20000000    00006193   00000000    rw-
  20000000    20000000    00000140   00000000    rw- .vecs
  20000140    20000140    0000563d   00000000    rw- .bss
  20005780    20005780    00000a13   00000000    rw- .data
2000fd00    2000fd00    00000300   00000000    rw-
  2000fd00    2000fd00    00000300   00000000    rw- .stack


SECTION ALLOCATION MAP

 output                                  attributes/
section   page    origin      length       input sections
--------  ----  ----------  ----------   ----------------
.text      0    00000040    0000d9da     
                  00000040    0000113e     rtsv7M4_T_le_v4SPD16_eabi.lib : _printfi.obj (.text)
                  0000117e    00000002     power_tirtos_MSP432P401R.aem4f : PowerMSP432_tirtos.oem4f (.text:PowerMSP432_initPolicy)
                  00001180    000009ac     rtsv7M4_T_le_v4SPD16_eabi.lib : e_pow.obj (.text)
                  00001b2c    0000076c     screenTask.obj (.text:screenTaskFxn)
                  00002298    00000738     rtsv7M4_T_le_v4SPD16_eabi.lib : k_rem_pio2.obj (.text)
                  000029d0    000005dc                                   : s_cos.obj (.text)
                  00002fac    000005c4                                   : s_sin.obj (.text)
                  00003570    00000492     string.obj (.text:Graphics_drawString)
                  00003a02    00000006     drivers_MSP432P401R.aem4f : I2CMSP432.oem4f (.text:I2CMSP432_control)
                  00003a08    00000430     sysbios.aem4f : BIOS.obj (.text:ti_sysbios_family_arm_m3_Hwi_excDumpRegs__I)
                  00003e38    0000034c     ti.targets.arm.rtsarm.aem4f : System.oem4f (.text:xdc_runtime_System_doPrint__I)
                  00004184    0000033c     motorTask.obj (.text:wallFollowing)
                  000044c0    000002cc     motorTask.obj (.text:deadReckoning)
                  0000478c    00000004     msp432p4xx_driverlib.lib : cpu.o (.text:CPU_wfi)
                  00004790    000002b0     sysbios.aem4f : BIOS.obj (.text:ti_sysbios_knl_Semaphore_pend__E)
                  00004a40    00000264     drivers_MSP432P401R.aem4f : PowerMSP432.oem4f (.text:Power_sleep)
                  00004ca4    00000004     msp432p4xx_driverlib.lib : spi.o (.text:EUSCI_A_SPI_transmitData)
                  00004ca8    00000258     sysbios.aem4f : BIOS.obj (.text:ti_sysbios_heaps_HeapMem_free__E)
                  00004f00    00000248                   : BIOS.obj (.text:ti_sysbios_heaps_HeapMem_alloc__E)
                  00005148    000001fc                   : BIOS.obj (.text:ti_sysbios_family_arm_m3_Hwi_excHandlerMax__I)
                  00005344    000001f4     rtsv7M4_T_le_v4SPD16_eabi.lib : ull_div_t2.obj (.text)
                  00005538    000001d0     motorTask.obj (.text:PIDControl)
                  00005708    000001c4     rtsv7M4_T_le_v4SPD16_eabi.lib : fopen.obj (.text)
                  000058cc    00000004     msp432p4xx_driverlib.lib : spi.o (.text:EUSCI_B_SPI_transmitData)
                  000058d0    000001c4     sysbios.aem4f : BIOS.obj (.text:ti_sysbios_knl_Task_sleep__E)
                  00005a94    000001b6     rtsv7M4_T_le_v4SPD16_eabi.lib : fd_add_t2.obj (.text)
                  00005c4a    000001a0     msp432p4xx_driverlib.lib : pcm.o (.text:__PCM_setPowerStateAdvanced)
                  00005dea    00000002     rtsv7M4_T_le_v4SPD16_eabi.lib : i_div0.obj (.text)
                  00005dec    00000178     drivers_MSP432P401R.aem4f : I2CMSP432.oem4f (.text:I2CMSP432_open)
                  00005f64    00000174     rtsv7M4_T_le_v4SPD16_eabi.lib : k_sin.obj (.text)
                  000060d8    00000174     sysbios.aem4f : BIOS.obj (.text:ti_sysbios_family_arm_m3_Hwi_excBusFault__I)
                  0000624c    00000170     rtsv7M4_T_le_v4SPD16_eabi.lib : e_sqrt.obj (.text)
                  000063bc    0000016c     motorTask.obj (.text:moveConstantSpeed)
                  00006528    0000016c     rtsv7M4_T_le_v4SPD16_eabi.lib : k_cos.obj (.text)
                  00006694    00000164     motorTask.obj (.text:takeYourSpeed)
                  000067f8    00000164     sysbios.aem4f : BIOS.obj (.text:ti_sysbios_family_arm_m3_Hwi_excUsageFault__I)
                  0000695c    0000015c     distanceTask.obj (.text:distanceTaskFxn)
                  00006ab8    00000158     Sharp96x96.obj (.text:Sharp96x96_RectFill)
                  00006c10    00000158     rtsv7M4_T_le_v4SPD16_eabi.lib : e_atan2f.obj (.text)
                  00006d68    00000150                                   : s_atanf.obj (.text)
                  00006eb8    00000148     sysbios.aem4f : BIOS.obj (.text:ti_sysbios_family_arm_m3_Hwi_excMemFault__I)
                  00007000    00000140     drivers_MSP432P401R.aem4f : GPIOMSP432.oem4f (.text:GPIO_setConfig)
                  00007140    0000013c     sysbios.aem4f : BIOS.obj (.text:ti_sysbios_heaps_HeapMem_Instance_init__E)
                  0000727c    00000138     Sharp96x96.obj (.text:Sharp96x96_LineDrawH)
                  000073b4    00000136     rtsv7M4_T_le_v4SPD16_eabi.lib : fd_div_t2.obj (.text)
                  000074ea    00000002     Robot_pem4f.oem4f (.text:ti_sysbios_BIOS_nullFunc__I)
                  000074ec    00000134     rtsv7M4_T_le_v4SPD16_eabi.lib : fputs.obj (.text)
                  00007620    0000012c     motorTask.obj (.text:motorTaskFxn)
                  0000774c    00000118     drivers_MSP432P401R.aem4f : I2CMSP432.oem4f (.text:I2CMSP432_hwiIntFxn)
                  00007864    00000118     ti.targets.arm.rtsarm.aem4f : Error.oem4f (.text:xdc_runtime_Error_policyDefault__E)
                  0000797c    00000004     tirtosport.aem4f : HwiP_tirtos.oem4f (.text:HwiP_disable)
                  00007980    00000108     sysbios.aem4f : BIOS.obj (.text:ti_sysbios_knl_Clock_Instance_init__E)
                  00007a88    00000100     ti.targets.arm.rtsarm.aem4f : Core-mem.oem4f (.text:xdc_runtime_Core_createObject__I)
                  00007b88    000000fc     rtsv7M4_T_le_v4SPD16_eabi.lib : fd_mul_t2.obj (.text)
                  00007c84    000000fc                                   : s_scalbn.obj (.text)
                  00007d80    000000f8                                   : s_floor.obj (.text)
                  00007e78    000000f8     ti.targets.arm.rtsarm.aem4f : Startup.oem4f (.text:xdc_runtime_Startup_startMods__I)
                  00007f70    000000f8     Robot_pem4f.oem4f (.text:xdc_runtime_System_printfExtend__I)
                  00008068    000000f0     drivers_MSP432P401R.aem4f : PowerMSP432.oem4f (.text:initPerfControl)
                  00008158    000000ec     sysbios.aem4f : m3_Hwi_asm.obj (.text:ti_sysbios_family_arm_m3_Hwi_dispatch__I)
                  00008244    00000004     msp432p4xx_driverlib.lib : i2c.o (.text:I2C_setSlaveAddress)
                  00008248    000000ec     sysbios.aem4f : BIOS.obj (.text:ti_sysbios_knl_Semaphore_post__E)
                  00008334    000000e2     drivers_MSP432P401R.aem4f : PWMTimerMSP432.oem4f (.text:initHw)
                  00008416    00000002     --HOLE-- [fill = 0]
                  00008418    000000e0     msp432p4xx_driverlib.lib : cs.o (.text:CS_initClockSignal)
                  000084f8    000000dc                              : pcm.o (.text:__PCM_setPowerModeAdvanced)
                  000085d4    000000dc     rtsv7M4_T_le_v4SPD16_eabi.lib : setvbuf.obj (.text)
                  000086b0    000000d8     Sharp96x96.obj (.text:Sharp96x96_Flush)
                  00008788    000000d8     main.obj (.text:main)
                  00008860    000000cc     ti.targets.arm.rtsarm.aem4f : Core-smem.oem4f (.text:xdc_runtime_Core_constructObject__I)
                  0000892c    000000c8     rtsv7M4_T_le_v4SPD16_eabi.lib : fflush.obj (.text)
                  000089f4    000000bc                                   : open.obj (.text)
                  00008ab0    000000bc     sysbios.aem4f : BIOS.obj (.text:ti_sysbios_family_arm_m3_Hwi_excDebugMon__I)
                  00008b6c    00000004     drivers_MSP432P401R.aem4f : List.oem4f (.text:List_head)
                  00008b70    000000bc     sysbios.aem4f : BIOS.obj (.text:ti_sysbios_family_arm_m3_Hwi_excHardFault__I)
                  00008c2c    00000004     drivers_MSP432P401R.aem4f : List.oem4f (.text:List_next)
                  00008c30    000000b4     sysbios.aem4f : BIOS.obj (.text:ti_sysbios_gates_GateMutex_enter__E)
                  00008ce4    00000004     drivers_MSP432P401R.aem4f : PowerMSP432.oem4f (.text:PowerMSP432_getNumPerfLevels)
                  00008ce8    000000b4     sysbios.aem4f : BIOS.obj (.text:ti_sysbios_knl_Task_checkStacks__E)
                  00008d9c    000000b2     msp432p4xx_driverlib.lib : timer_a.o (.text:privateTimer_AProcessClockSourceDivider)
                  00008e4e    00000002     --HOLE-- [fill = 0]
                  00008e50    000000b0                              : pcm.o (.text:__PCM_setCoreVoltageLevelAdvanced)
                  00008f00    000000ac     drivers_MSP432P401R.aem4f : PWMTimerMSP432.oem4f (.text:PWMTimerMSP432_open)
                  00008fac    000000ac     rtsv7M4_T_le_v4SPD16_eabi.lib : _io_perm.obj (.text)
                  00009058    000000a8     sysbios.aem4f : BIOS.obj (.text:ti_sysbios_family_arm_msp432_Timer_periodicStub__E)
                  00009100    000000a4     line.obj (.text:Graphics_drawLineH)
                  000091a4    000000a0     auto_init.aem4f : auto_init.oem4f (.text)
                  00009244    000000a0     ti.targets.arm.rtsarm.aem4f : Text.oem4f (.text:xdc_runtime_Text_putMod__E)
                  000092e4    0000009c     rtsv7M4_T_le_v4SPD16_eabi.lib : memcpy_t2.obj (.text)
                  00009380    0000009c     sysbios.aem4f : BIOS.obj (.text:ti_sysbios_knl_Semaphore_Instance_init__E)
                  0000941c    00000004     Robot_pem4f.oem4f (.text:ti_sysbios_BIOS_RtsGateProxy_enter__E)
                  00009420    0000009c     sysbios.aem4f : BIOS.obj (.text:ti_sysbios_knl_Task_postInit__I)
                  000094bc    0000009a     ti.targets.arm.rtsarm.aem4f : Text.oem4f (.text:xdc_runtime_Text_putSite__E)
                  00009556    00000002     --HOLE-- [fill = 0]
                  00009558    00000098     rtsv7M4_T_le_v4SPD16_eabi.lib : fclose.obj (.text)
                  000095f0    00000098                                   : fputc.obj (.text)
                  00009688    00000094     sysbios.aem4f : BIOS.obj (.text:ti_sysbios_family_arm_m3_Hwi_Instance_init__E)
                  0000971c    00000004     Robot_pem4f.oem4f (.text:ti_sysbios_BIOS_RtsGateProxy_leave__E)
                  00009720    00000094     sysbios.aem4f : BIOS.obj (.text:ti_sysbios_family_arm_m3_Hwi_initNVIC__E)
                  000097b4    00000092     drivers_MSP432P401R.aem4f : I2CMSP432.oem4f (.text:I2CMSP432_cancel)
                  00009846    00000092                               : PWMTimerMSP432.oem4f (.text:PWMTimerMSP432_setPeriod)
                  000098d8    00000090     Sharp96x96.obj (.text:Sharp96x96_LineDrawV)
                  00009968    0000008c     drivers_MSP432P401R.aem4f : I2CMSP432.oem4f (.text:I2CMSP432_transfer)
                  000099f4    0000008c     sysbios.aem4f : m3_TaskSupport_asm.obj (.text:ti_sysbios_family_arm_m3_TaskSupport_buildTaskStack)
                  00009a80    00000088     msp432p4xx_driverlib.lib : spi.o (.text:SPI_initMaster)
                  00009b08    00000088     sysbios.aem4f : BIOS.obj (.text:ti_sysbios_family_arm_msp432_Timer_Module_startup__E)
                  00009b90    00000086     rtsv7M4_T_le_v4SPD16_eabi.lib : fd_cmp_t2.obj (.text:__aeabi_cdcmple)
                  00009c16    00000086                                   : fd_cmp_t2.obj (.text:__aeabi_cdrcmple)
                  00009c9c    00000084     drivers_MSP432P401R.aem4f : PWMTimerMSP432.oem4f (.text:PWMTimerMSP432_setDuty)
                  00009d20    00000084     sysbios.aem4f : BIOS.obj (.text:ti_sysbios_family_arm_m3_Hwi_postInit__I)
                  00009da4    00000080     Sharp96x96.obj (.text:Sharp96x96_SendToggleVCOMCommand)
                  00009e24    0000007c     msp432p4xx_driverlib.lib : pcm.o (.text:PCM_gotoLPM3)
                  00009ea0    0000007c     Sharp96x96.obj (.text:Sharp96x96_ClearScreen)
                  00009f1c    0000007c     Sharp96x96.obj (.text:Sharp96x96_DrawMultiple)
                  00009f98    0000007a     rtsv7M4_T_le_v4SPD16_eabi.lib : memset_t2.obj (.text)
                  0000a012    00000006     msp432p4xx_driverlib.lib : i2c.o (.text:I2C_getEnabledInterruptStatus)
                  0000a018    00000074     sysbios.aem4f : BIOS.obj (.text:ti_sysbios_knl_Clock_start__E)
                  0000a08c    00000070     rtsv7M4_T_le_v4SPD16_eabi.lib : getdevice.obj (.text)
                  0000a0fc    00000070                                   : printf.obj (.text)
                  0000a16c    00000004     Robot_pem4f.oem4f (.text:ti_sysbios_family_arm_m3_Hwi_destruct)
                  0000a170    00000070     sysbios.aem4f : BIOS.obj (.text:ti_sysbios_knl_Task_exit__E)
                  0000a1e0    0000006e     rtsv7M4_T_le_v4SPD16_eabi.lib : fd_tos_t2.obj (.text)
                  0000a24e    00000002     --HOLE-- [fill = 0]
                  0000a250    0000006d     ti.targets.arm.rtsarm.aem4f : System.oem4f (.text:xdc_runtime_System_formatNum__I)
                  0000a2bd    00000003     --HOLE-- [fill = 0]
                  0000a2c0    0000006c     rtsv7M4_T_le_v4SPD16_eabi.lib : hostrename.obj (.text)
                  0000a32c    00000004     Robot_pem4f.oem4f (.text:ti_sysbios_family_arm_m3_TaskSupport_Module__startupDone__S)
                  0000a330    0000006c     sysbios.aem4f : BIOS.obj (.text:ti_sysbios_knl_Clock_workFunc__E)
                  0000a39c    00000004     Robot_pem4f.oem4f (.text:ti_sysbios_heaps_HeapMem_Module_GateProxy_enter__E)
                  0000a3a0    0000006c     sysbios.aem4f : BIOS.obj (.text:ti_sysbios_knl_Swi_restoreHwi__E)
                  0000a40c    0000006c     ti.targets.arm.rtsarm.aem4f : Error.oem4f (.text:xdc_runtime_Error_print__E)
                  0000a478    0000006c                                 : Memory.oem4f (.text:xdc_runtime_Memory_alloc__E)
                  0000a4e4    00000068     Sharp96x96.obj (.text:Sharp96x96_PixelDraw)
                  0000a54c    00000068     rtsv7M4_T_le_v4SPD16_eabi.lib : copy_decompress_lzss.obj (.text:decompress:lzss)
                  0000a5b4    00000068     drivers_MSP432P401R.aem4f : I2CMSP432.oem4f (.text:primeTransfer)
                  0000a61c    00000068     rtsv7M4_T_le_v4SPD16_eabi.lib : hostlseek.obj (.text)
                  0000a684    00000068                                   : trgmsg.obj (.text)
                  0000a6ec    00000066     drivers_MSP432P401R.aem4f : I2CMSP432.oem4f (.text:I2CMSP432_close)
                  0000a752    00000066     ti.targets.arm.rtsarm.aem4f : Core-mem.oem4f (.text:xdc_runtime_Core_deleteObject__I)
                  0000a7b8    00000064     rtsv7M4_T_le_v4SPD16_eabi.lib : fseek.obj (.text)
                  0000a81c    00000064                                   : s_frexp.obj (.text)
                  0000a880    00000064     sysbios.aem4f : BIOS.obj (.text:ti_sysbios_family_arm_m3_Hwi_dispatchC__I)
                  0000a8e4    00000062     tirtosport.aem4f : HwiP_tirtos.oem4f (.text:HwiP_create)
                  0000a946    00000062     Sharp96x96utils.obj (.text:reverse)
                  0000a9a8    00000060     rtsv7M4_T_le_v4SPD16_eabi.lib : hostopen.obj (.text)
                  0000aa08    00000060                                   : sprintf.obj (.text)
                  0000aa68    00000060     sysbios.aem4f : BIOS.obj (.text:ti_sysbios_knl_Task_schedule__I)
                  0000aac8    0000005c     drivers_MSP432P401R.aem4f : GPIOMSP432.oem4f (.text:GPIO_init)
                  0000ab24    0000005c     clockTask.obj (.text:clockTaskFxn)
                  0000ab80    0000005c     rtsv7M4_T_le_v4SPD16_eabi.lib : close.obj (.text)
                  0000abdc    00000004     Robot_pem4f.oem4f (.text:ti_sysbios_heaps_HeapMem_Module_GateProxy_leave__E)
                  0000abe0    0000005c     sysbios.aem4f : BIOS.obj (.text:ti_sysbios_knl_Swi_run__I)
                  0000ac3c    00000004     Robot_pem4f.oem4f (.text:ti_sysbios_knl_Clock_TimerProxy_getMaxTicks__E)
                  0000ac40    0000005c     sysbios.aem4f : BIOS.obj (.text:ti_sysbios_knl_Swi_schedule__I)
                  0000ac9c    00000004     Robot_pem4f.oem4f (.text:ti_sysbios_knl_Queue_destruct)
                  0000aca0    0000005c     sysbios.aem4f : BIOS.obj (.text:ti_sysbios_knl_Task_Module_startup__E)
                  0000acfc    00000004     Robot_pem4f.oem4f (.text:ti_sysbios_knl_Semaphore_destruct)
                  0000ad00    0000005c     sysbios.aem4f : BIOS.obj (.text:ti_sysbios_knl_Task_startCore__E)
                  0000ad5c    0000005b     ti.targets.arm.rtsarm.aem4f : Text.oem4f (.text:xdc_runtime_Text_putLab__E)
                  0000adb7    00000001     --HOLE-- [fill = 0]
                  0000adb8    00000058     tirtosport.aem4f : SemaphoreP_tirtos.oem4f (.text:SemaphoreP_create)
                  0000ae10    00000058     Sharp96x96.obj (.text:Sharp96x96_InitializeDisplayBuffer)
                  0000ae68    00000058     boot.aem4f : boot.oem4f (.text)
                  0000aec0    00000058     rtsv7M4_T_le_v4SPD16_eabi.lib : hostread.obj (.text)
                  0000af18    00000058                                   : hostwrite.obj (.text)
                  0000af70    00000058     Robot_pem4f.oem4f (.text:ti_sysbios_family_arm_m3_Hwi_construct)
                  0000afc8    00000058     sysbios.aem4f : m3_Hwi_asm_switch.obj (.text:ti_sysbios_family_arm_m3_Hwi_initStacks__E)
                  0000b020    00000054     drivers_MSP432P401R.aem4f : GPIOMSP432.oem4f (.text:GPIO_hwiIntFxn)
                  0000b074    00000054                               : GPIOMSP432.oem4f (.text:GPIO_setCallback)
                  0000b0c8    00000054                               : PWMTimerMSP432.oem4f (.text:PWMTimerMSP432_stop)
                  0000b11c    00000054     Sharp96x96.obj (.text:Sharp96x96_LCDInit)
                  0000b170    00000054     drivers_MSP432P401R.aem4f : I2CMSP432.oem4f (.text:initHw)
                  0000b1c4    00000054     rtsv7M4_T_le_v4SPD16_eabi.lib : exit.obj (.text)
                  0000b218    00000054                                   : ltoa.obj (.text)
                  0000b26c    00000004     ti.targets.arm.rtsarm.aem4f : Error.oem4f (.text:xdc_runtime_Error_getSite__E)
                  0000b270    00000054     sysbios.aem4f : BIOS.obj (.text:ti_sysbios_family_arm_msp432_Timer_initDevice__I)
                  0000b2c4    00000004     Robot_pem4f.oem4f (.text:xdc_runtime_System_Module_GateProxy_enter__E)
                  0000b2c8    00000054     sysbios.aem4f : BIOS.obj (.text:ti_sysbios_family_arm_msp432_init_Boot_configureClocksHigh)
                  0000b31c    00000054     ti.targets.arm.rtsarm.aem4f : Assert.oem4f (.text:xdc_runtime_Assert_raise__I)
                  0000b370    00000050     drivers_MSP432P401R.aem4f : GPIOMSP432.oem4f (.text:GPIO_write)
                  0000b3c0    00000050     msp432p4xx_driverlib.lib : pcm.o (.text:PCM_shutdownDevice)
                  0000b410    00000050     drivers_MSP432P401R.aem4f : PWMTimerMSP432.oem4f (.text:PWMTimerMSP432_close)
                  0000b460    00000050     sysbios.aem4f : BIOS.obj (.text:ti_sysbios_family_arm_m3_Hwi_Module_startup__E)
                  0000b4b0    00000050     ti.targets.arm.rtsarm.aem4f : Startup.oem4f (.text:xdc_runtime_Startup_exec__E)
                  0000b500    00000050                                 : Text.oem4f (.text:xdc_runtime_Text_visitRope2__I)
                  0000b550    0000004c     msp432p4xx_driverlib.lib : gpio.o (.text:GPIO_setAsPeripheralModuleFunctionOutputPin)
                  0000b59c    0000004c     rtsv7M4_T_le_v4SPD16_eabi.lib : atoi.obj (.text)
                  0000b5e8    0000004c                                   : cpy_tbl.obj (.text)
                  0000b634    00000004     Robot_pem4f.oem4f (.text:xdc_runtime_System_Module_GateProxy_leave__E)
                  0000b638    0000004c     sysbios.aem4f : BIOS.obj (.text:ti_sysbios_family_arm_msp432_Timer_start__E)
                  0000b684    00000004     ti.targets.arm.rtsarm.aem4f : System.oem4f (.text:xdc_runtime_System_aprintf_va__F)
                  0000b688    0000004c     sysbios.aem4f : BIOS.obj (.text:ti_sysbios_heaps_HeapMem_getStats__E)
                  0000b6d4    00000004     ti.targets.arm.rtsarm.aem4f : System.oem4f (.text:xdc_runtime_System_printf_va__F)
                  0000b6d8    0000004c     sysbios.aem4f : BIOS.obj (.text:ti_sysbios_knl_Swi_runLoop__I)
                  0000b724    00000004     --HOLE-- [fill = 0]
                  0000b728    0000004c                   : BIOS.obj (.text:ti_sysbios_knl_Task_allBlockedFunction__I)
                  0000b774    0000004a     context.obj (.text:Graphics_initContext)
                  0000b7be    00000048     msp432p4xx_driverlib.lib : timer_a.o (.text:Timer_A_generatePWM)
                  0000b806    00000048     rtsv7M4_T_le_v4SPD16_eabi.lib : fd_toi_t2.obj (.text)
                  0000b84e    00000002     --HOLE-- [fill = 0]
                  0000b850    00000048     motorTask.obj (.text:stop)
                  0000b898    00000048     sysbios.aem4f : BIOS.obj (.text:ti_sysbios_family_arm_m3_Hwi_disableInterrupt__E)
                  0000b8e0    00000048                   : BIOS.obj (.text:ti_sysbios_family_arm_m3_Hwi_enableInterrupt__E)
                  0000b928    00000048                   : BIOS.obj (.text:ti_sysbios_family_arm_m3_Hwi_excReserved__I)
                  0000b970    00000046     ti.targets.arm.rtsarm.aem4f : Core-params.oem4f (.text:xdc_runtime_Core_assignParams__I)
                  0000b9b6    00000002     --HOLE-- [fill = 0]
                  0000b9b8    00000044     MSP_EXP432P401R.obj (.text:MSP_EXP432P401R_initPWM)
                  0000b9fc    00000044     drivers_MSP432P401R.aem4f : PowerMSP432.oem4f (.text:Power_init)
                  0000ba40    00000044     rtsv7M4_T_le_v4SPD16_eabi.lib : hostclose.obj (.text)
                  0000ba84    00000044                                   : hostunlink.obj (.text)
                  0000bac8    00000044     sysbios.aem4f : BIOS.obj (.text:ti_sysbios_family_arm_m3_Hwi_getStackInfo__E)
                  0000bb0c    00000004     --HOLE-- [fill = 0]
                  0000bb10    00000044                   : BIOS.obj (.text:ti_sysbios_knl_Swi_post__E)
                  0000bb54    00000044     ti.targets.arm.rtsarm.aem4f : Error.oem4f (.text:xdc_runtime_Error_setX__E)
                  0000bb98    00000044                                 : SysMin.oem4f (.text:xdc_runtime_SysMin_flush__E)
                  0000bbdc    00000044                                 : Text.oem4f (.text:xdc_runtime_Text_xprintf__I)
                  0000bc20    00000042     drivers_MSP432P401R.aem4f : I2CMSP432.oem4f (.text:completeTransfer)
                  0000bc62    00000002     --HOLE-- [fill = 0]
                  0000bc64    00000040     msp432p4xx_driverlib.lib : flash.o (.text:FlashCtl_disableReadBuffering)
                  0000bca4    00000040     string.obj (.text:Graphics_getNumberOfLeadingZeros)
                  0000bce4    00000040     msp432p4xx_driverlib.lib : i2c.o (.text:I2C_masterSendMultiByteFinish)
                  0000bd24    00000040     drivers_MSP432P401R.aem4f : PWMTimerMSP432.oem4f (.text:PWMTimerMSP432_start)
                  0000bd64    00000040                               : PowerMSP432.oem4f (.text:notify)
                  0000bda4    00000040     rtsv7M4_T_le_v4SPD16_eabi.lib : u_divt2.obj (.text)
                  0000bde4    00000004     --HOLE-- [fill = 0]
                  0000bde8    00000040     sysbios.aem4f : BIOS.obj (.text:ti_sysbios_family_arm_msp432_Timer_startup__E)
                  0000be28    0000003e     msp432p4xx_driverlib.lib : i2c.o (.text:I2C_initMaster)
                  0000be66    00000002     --HOLE-- [fill = 0]
                  0000be68    0000003c     MSP_EXP432P401R.obj (.text:MSP_EXP432P401R_initI2C)
                  0000bea4    0000003c     power_tirtos_MSP432P401R.aem4f : PowerMSP432_tirtos.oem4f (.text:PowerMSP432_sleepPolicy)
                  0000bee0    0000003c     drivers_MSP432P401R.aem4f : PWMTimerMSP432.oem4f (.text:getPeriodCounts)
                  0000bf1c    00000004     --HOLE-- [fill = 0]
                  0000bf20    0000003c     sysbios.aem4f : BIOS.obj (.text:ti_sysbios_family_arm_m3_Hwi_excSvCall__I)
                  0000bf5c    00000004     --HOLE-- [fill = 0]
                  0000bf60    0000003c                   : BIOS.obj (.text:ti_sysbios_heaps_HeapMem_init__I)
                  0000bf9c    00000004     --HOLE-- [fill = 0]
                  0000bfa0    0000003c                   : BIOS.obj (.text:ti_sysbios_knl_Swi_restore__E)
                  0000bfdc    00000038     drivers_MSP432P401R.aem4f : I2C.oem4f (.text:I2C_init)
                  0000c014    00000038                               : PWM.oem4f (.text:PWM_init)
                  0000c04c    00000038                               : PWMTimerMSP432.oem4f (.text:getDutyCounts)
                  0000c084    00000038                               : I2CMSP432.oem4f (.text:perfChangeNotifyFxn)
                  0000c0bc    00000038     rtsv7M4_T_le_v4SPD16_eabi.lib : fs_tod_t2.obj (.text)
                  0000c0f4    00000004     --HOLE-- [fill = 0]
                  0000c0f8    00000038     sysbios.aem4f : BIOS.obj (.text:ti_sysbios_family_arm_m3_Hwi_excNoIsr__I)
                  0000c130    00000038                   : BIOS.obj (.text:ti_sysbios_knl_Task_processVitalTaskFlag__I)
                  0000c168    00000038     ti.targets.arm.rtsarm.aem4f : SysMin.oem4f (.text:xdc_runtime_SysMin_putch__E)
                  0000c1a0    00000038                                 : System.oem4f (.text:xdc_runtime_System_atexit__E)
                  0000c1d8    00000036     rtsv7M4_T_le_v4SPD16_eabi.lib : strncpy.obj (.text)
                  0000c20e    00000002     --HOLE-- [fill = 0]
                  0000c210    00000034     msp432p4xx_driverlib.lib : flash.o (.text:FlashCtl_enableReadBuffering)
                  0000c244    00000004     --HOLE-- [fill = 0]
                  0000c248    00000034     sysbios.aem4f : BIOS.obj (.text:ti_sysbios_family_arm_m3_Hwi_Instance_finalize__E)
                  0000c27c    00000004     --HOLE-- [fill = 0]
                  0000c280    00000034                   : BIOS.obj (.text:ti_sysbios_family_arm_m3_Hwi_excNmi__I)
                  0000c2b4    00000004     --HOLE-- [fill = 0]
                  0000c2b8    00000034                   : BIOS.obj (.text:ti_sysbios_hal_Hwi_checkStack)
                  0000c2ec    00000034     Robot_pem4f.oem4f (.text:ti_sysbios_knl_Clock_construct)
                  0000c320    00000034     ti.targets.arm.rtsarm.aem4f : Core-label.oem4f (.text:xdc_runtime_Core_assignLabel__I)
                  0000c354    00000033                                 : Text.oem4f (.text:xdc_runtime_Text_printVisFxn__I)
                  0000c387    00000001     --HOLE-- [fill = 0]
                  0000c388    00000032     sysbios.aem4f : BIOS.obj (.text:ti_sysbios_hal_Hwi_initStack)
                  0000c3ba    00000002     --HOLE-- [fill = 0]
                  0000c3bc    00000030     msp432p4xx_driverlib.lib : gpio.o (.text:GPIO_getEnabledInterruptStatus)
                  0000c3ec    00000030                              : gpio.o (.text:GPIO_setAsInputPinWithPullDownResistor)
                  0000c41c    00000030                              : gpio.o (.text:GPIO_setAsInputPinWithPullUpResistor)
                  0000c44c    00000030     drivers_MSP432P401R.aem4f : I2C.oem4f (.text:I2C_open)
                  0000c47c    00000030                               : PWM.oem4f (.text:PWM_open)
                  0000c4ac    00000030     msp432p4xx_driverlib.lib : spi.o (.text:is_A_Module)
                  0000c4dc    00000030     Robot_pem4f.oem4f (.text:ti_sysbios_BIOS_atExitFunc__I)
                  0000c50c    00000030     Robot_pem4f.oem4f (.text:ti_sysbios_BIOS_startFunc__I)
                  0000c53c    00000004     --HOLE-- [fill = 0]
                  0000c540    00000030     sysbios.aem4f : BIOS.obj (.text:ti_sysbios_family_arm_m3_TaskSupport_start__E)
                  0000c570    00000030     Robot_pem4f.oem4f (.text:ti_sysbios_gates_GateHwi_Object__create__S)
                  0000c5a0    00000030     Robot_pem4f.oem4f (.text:ti_sysbios_gates_GateMutex_Object__create__S)
                  0000c5d0    00000030     Robot_pem4f.oem4f (.text:ti_sysbios_heaps_HeapMem_Object__create__S)
                  0000c600    00000030     Robot_pem4f.oem4f (.text:ti_sysbios_knl_Semaphore_construct)
                  0000c630    00000030     sysbios.aem4f : BIOS.obj (.text:ti_sysbios_knl_Semaphore_pendTimeout__I)
                  0000c660    00000030                   : BIOS.obj (.text:ti_sysbios_knl_Task_unblockI__E)
                  0000c690    00000030     ti.targets.arm.rtsarm.aem4f : SysMin.oem4f (.text:xdc_runtime_SysMin_abort__E)
                  0000c6c0    00000030                                 : System.oem4f (.text:xdc_runtime_System_processAtExit__E)
                  0000c6f0    0000002e     Robot_pem4f.oem4f (.text:malloc)
                  0000c71e    0000002e     rtsv7M4_T_le_v4SPD16_eabi.lib : i_tofd_t2.obj (.text)
                  0000c74c    0000002c     msp432p4xx_driverlib.lib : gpio.o (.text:GPIO_setAsInputPin)
                  0000c778    0000002c                              : pcm.o (.text:PCM_getCoreVoltageLevel)
                  0000c7a4    0000002c     power_tirtos_MSP432P401R.aem4f : PowerMSP432_tirtos.oem4f (.text:PowerMSP432_updateFreqs)
                  0000c7d0    0000002c     drivers_MSP432P401R.aem4f : PowerMSP432.oem4f (.text:Power_releaseConstraint)
                  0000c7fc    0000002c                               : PowerMSP432.oem4f (.text:Power_setConstraint)
                  0000c828    0000002c     rtsv7M4_T_le_v4SPD16_eabi.lib : unlink.obj (.text)
                  0000c854    0000002c     Robot_pem4f.oem4f (.text:ti_sysbios_knl_Clock_doTick__I)
                  0000c880    0000002c     Robot_pem4f.oem4f (.text:ti_sysbios_knl_Queue_construct)
                  0000c8ac    00000004     --HOLE-- [fill = 0]
                  0000c8b0    0000002c     sysbios.aem4f : BIOS.obj (.text:ti_sysbios_knl_Task_restore__E)
                  0000c8dc    0000002c     ti.targets.arm.rtsarm.aem4f : Text.oem4f (.text:xdc_runtime_Text_cordText__E)
                  0000c908    0000002a     msp432p4xx_driverlib.lib : pcm.o (.text:PCM_getPowerMode)
                  0000c932    0000002a     ti.targets.arm.rtsarm.aem4f : System.oem4f (.text:xdc_runtime_System_putchar__I)
                  0000c95c    00000028     msp432p4xx_driverlib.lib : flash.o (.text:FlashCtl_setWaitState)
                  0000c984    00000028     drivers_MSP432P401R.aem4f : GPIOMSP432.oem4f (.text:GPIO_enableInt)
                  0000c9ac    00000028     msp432p4xx_driverlib.lib : pcm.o (.text:PCM_gotoLPM0)
                  0000c9d4    00000028     rtsv7M4_T_le_v4SPD16_eabi.lib : lseek.obj (.text)
                  0000c9fc    00000028                                   : write.obj (.text)
                  0000ca24    00000004     --HOLE-- [fill = 0]
                  0000ca28    00000028     sysbios.aem4f : BIOS.obj (.text:ti_sysbios_knl_Clock_addI__E)
                  0000ca50    00000028                   : BIOS.obj (.text:ti_sysbios_knl_Swi_Module_startup__E)
                  0000ca78    00000026     drivers_MSP432P401R.aem4f : List.oem4f (.text:List_put)
                  0000ca9e    00000026     sysbios.aem4f : m3_Hwi_asm.obj (.text:ti_sysbios_family_arm_m3_Hwi_pendSV__I)
                  0000cac4    00000026     ti.targets.arm.rtsarm.aem4f : System.oem4f (.text:xdc_runtime_System_avprintf__E)
                  0000caea    00000002     --HOLE-- [fill = 0]
                  0000caec    00000024     msp432p4xx_driverlib.lib : cs.o (.text:CS_setDCOCenteredFrequency)
                  0000cb10    00000024                              : gpio.o (.text:GPIO_setAsOutputPin)
                  0000cb34    00000024                              : i2c.o (.text:I2C_masterSendMultiByteNext)
                  0000cb58    00000024     main.obj (.text:LHMotorChannelAFallingFxn)
                  0000cb7c    00000024     main.obj (.text:RHMotorChannelAFallingFxn)
                  0000cba0    00000024     msp432p4xx_driverlib.lib : rtc_c.o (.text:RTC_C_holdClock)
                  0000cbc4    00000024                              : rtc_c.o (.text:RTC_C_startClock)
                  0000cbe8    00000024     Robot_pem4f.oem4f (.text:ti_sysbios_BIOS_errorRaiseHook__I)
                  0000cc0c    00000024     Robot_pem4f.oem4f (.text:ti_sysbios_BIOS_registerRTSLock__I)
                  0000cc30    00000024     Robot_pem4f.oem4f (.text:ti_sysbios_BIOS_removeRTSLock__I)
                  0000cc54    00000004     --HOLE-- [fill = 0]
                  0000cc58    00000024     sysbios.aem4f : BIOS.obj (.text:ti_sysbios_family_arm_msp432_ClockFreqs_setFrequency__E)
                  0000cc7c    00000024     Robot_pem4f.oem4f (.text:ti_sysbios_gates_GateMutex_Object__delete__S)
                  0000cca0    00000024     sysbios.aem4f : BIOS.obj (.text:ti_sysbios_knl_Clock_Module_startup__E)
                  0000ccc4    00000004     --HOLE-- [fill = 0]
                  0000ccc8    00000024                   : BIOS.obj (.text:ti_sysbios_knl_Task_restoreHwi__E)
                  0000ccec    00000024     ti.targets.arm.rtsarm.aem4f : System.oem4f (.text:xdc_runtime_System_vprintf__E)
                  0000cd10    00000022     Robot_pem4f.oem4f (.text:xdc_runtime_SysMin_output__I)
                  0000cd32    00000002     --HOLE-- [fill = 0]
                  0000cd34    00000020     msp432p4xx_driverlib.lib : gpio.o (.text:GPIO_interruptEdgeSelect)
                  0000cd54    00000020     drivers_MSP432P401R.aem4f : PowerMSP432.oem4f (.text:PowerMSP432_getFreqs)
                  0000cd74    00000020                               : PowerMSP432.oem4f (.text:Power_unregisterNotify)
                  0000cd94    00000020     msp432p4xx_driverlib.lib : spi.o (.text:SPI_transmitData)
                  0000cdb4    00000020     buttons.obj (.text:gpioButtonFxn0)
                  0000cdd4    00000020     buttons.obj (.text:gpioButtonFxn1)
                  0000cdf4    00000020     rtsv7M4_T_le_v4SPD16_eabi.lib : memchr.obj (.text)
                  0000ce14    00000020                                   : u_tofd_t2.obj (.text)
                  0000ce34    00000020     Robot_pem4f.oem4f (.text:ti_sysbios_BIOS_rtsLock__I)
                  0000ce54    00000020     sysbios.aem4f : m3_Hwi_asm.obj (.text:ti_sysbios_family_arm_m3_Hwi_excHandlerAsm__I)
                  0000ce74    00000004     --HOLE-- [fill = 0]
                  0000ce78    00000020                   : BIOS.obj (.text:ti_sysbios_family_arm_m3_Hwi_excHandler__I)
                  0000ce98    00000020     Robot_pem4f.oem4f (.text:ti_sysbios_gates_GateHwi_Object__delete__S)
                  0000ceb8    00000020     Robot_pem4f.oem4f (.text:ti_sysbios_heaps_HeapMem_Object__delete__S)
                  0000ced8    00000020     sysbios.aem4f : BIOS.obj (.text:ti_sysbios_knl_Idle_run__E)
                  0000cef8    00000020     Robot_pem4f.oem4f (.text:ti_sysbios_knl_Semaphore_Object__destruct__S)
                  0000cf18    00000020     ti.targets.arm.rtsarm.aem4f : Registry.oem4f (.text:xdc_runtime_Registry_findById__E)
                  0000cf38    00000020                                 : SysMin.oem4f (.text:xdc_runtime_SysMin_Module_startup__E)
                  0000cf58    0000001e     drivers_MSP432P401R.aem4f : PWMTimerMSP432.oem4f (.text:corroboratePeriod)
                  0000cf76    0000001e     sysbios.aem4f : m3_Hwi_asm_switch.obj (.text:ti_sysbios_family_xxx_Hwi_switchAndRunFunc)
                  0000cf94    0000001c     msp432p4xx_driverlib.lib : spi.o (.text:EUSCI_B_SPI_isBusy)
                  0000cfb0    0000001c                              : pcm.o (.text:PCM_enableRudeMode)
                  0000cfcc    0000001c     drivers_MSP432P401R.aem4f : PowerMSP432.oem4f (.text:Power_registerNotify)
                  0000cfe8    0000001c     rtsv7M4_T_le_v4SPD16_eabi.lib : memccpy.obj (.text)
                  0000d004    0000001c     Robot_pem4f.oem4f (.text:ti_sysbios_family_arm_m3_Hwi_Object__destruct__S)
                  0000d020    0000001c     sysbios.aem4f : BIOS.obj (.text:ti_sysbios_gates_GateMutex_Instance_init__E)
                  0000d03c    0000001c     Robot_pem4f.oem4f (.text:ti_sysbios_knl_Queue_Object__destruct__S)
                  0000d058    0000001c     sysbios.aem4f : BIOS.obj (.text:ti_sysbios_knl_Queue_put__E)
                  0000d074    00000004     --HOLE-- [fill = 0]
                  0000d078    0000001c                   : BIOS.obj (.text:ti_sysbios_knl_Task_enter__I)
                  0000d094    0000001c     ti.targets.arm.rtsarm.aem4f : Error.oem4f (.text:xdc_runtime_Error_raiseX__E)
                  0000d0b0    0000001c                                 : Memory.oem4f (.text:xdc_runtime_Memory_valloc__E)
                  0000d0cc    0000001c                                 : SysMin.oem4f (.text:xdc_runtime_SysMin_exit__E)
                  0000d0e8    0000001c                                 : System.oem4f (.text:xdc_runtime_System_abort__E)
                  0000d104    0000001a     drivers_MSP432P401R.aem4f : List.oem4f (.text:List_remove)
                  0000d11e    0000001a     msp432p4xx_driverlib.lib : spi.o (.text:SPI_enableModule)
                  0000d138    0000001a     Robot_pem4f.oem4f (.text:ti_sysbios_family_arm_m3_Hwi_Handle__label__S)
                  0000d152    0000001a     Robot_pem4f.oem4f (.text:ti_sysbios_gates_GateHwi_Handle__label__S)
                  0000d16c    0000001a     Robot_pem4f.oem4f (.text:ti_sysbios_gates_GateMutex_Handle__label__S)
                  0000d186    0000001a     Robot_pem4f.oem4f (.text:ti_sysbios_heaps_HeapMem_Handle__label__S)
                  0000d1a0    0000001a     Robot_pem4f.oem4f (.text:ti_sysbios_knl_Swi_Handle__label__S)
                  0000d1ba    0000001a     Robot_pem4f.oem4f (.text:ti_sysbios_knl_Task_Handle__label__S)
                  0000d1d4    0000001a     Robot_pem4f.oem4f (.text:xdc_runtime_System_aprintf__E)
                  0000d1ee    0000001a     Robot_pem4f.oem4f (.text:xdc_runtime_System_printf__E)
                  0000d208    00000018     msp432p4xx_driverlib.lib : gpio.o (.text:GPIO_clearInterruptFlag)
                  0000d220    00000018                              : gpio.o (.text:GPIO_getInputPinValue)
                  0000d238    00000018                              : gpio.o (.text:GPIO_setDriveStrengthLow)
                  0000d250    00000018                              : gpio.o (.text:GPIO_setOutputLowOnPin)
                  0000d268    00000018                              : i2c.o (.text:I2C_masterIsStartSent)
                  0000d280    00000018                              : wdt_a.o (.text:WDT_A_holdTimer)
                  0000d298    00000018     drivers_MSP432P401R.aem4f : PWMTimerMSP432.oem4f (.text:corroborateDuty)
                  0000d2b0    00000018     Robot_pem4f.oem4f (.text:free)
                  0000d2c8    00000018     rtsv7M4_T_le_v4SPD16_eabi.lib : args_main.obj (.text)
                  0000d2e0    00000018                                   : strcmp.obj (.text)
                  0000d2f8    00000018     Robot_pem4f.oem4f (.text:ti_sysbios_BIOS_rtsUnlock__I)
                  0000d310    00000018     Robot_pem4f.oem4f (.text:ti_sysbios_family_arm_m3_Hwi_Module__startupDone__F)
                  0000d328    00000018     sysbios.aem4f : m3_TaskSupport_asm.obj (.text:ti_sysbios_family_arm_m3_TaskSupport_swap__E)
                  0000d340    00000018     Robot_pem4f.oem4f (.text:ti_sysbios_family_arm_msp432_Timer_Module__startupDone__F)
                  0000d358    00000018     sysbios.aem4f : BIOS.obj (.text:ti_sysbios_gates_GateMutex_leave__E)
                  0000d370    00000018                   : BIOS.obj (.text:ti_sysbios_knl_Task_sleepTimeout__I)
                  0000d388    00000018     ti.targets.arm.rtsarm.aem4f : Error.oem4f (.text:xdc_runtime_Error_check__E)
                  0000d3a0    00000018                                 : System.oem4f (.text:xdc_runtime_System_exit__E)
                  0000d3b8    00000018                                 : Text.oem4f (.text:xdc_runtime_Text_ropeText__E)
                  0000d3d0    00000016     tirtosport.aem4f : HwiP_tirtos.oem4f (.text:HwiP_delete)
                  0000d3e6    00000016                      : SemaphoreP_tirtos.oem4f (.text:SemaphoreP_delete)
                  0000d3fc    00000016     rtsv7M4_T_le_v4SPD16_eabi.lib : strchr.obj (.text)
                  0000d412    00000016     Robot_pem4f.oem4f (.text:ti_sysbios_BIOS_exitFunc__I)
                  0000d428    00000016     clockTask.obj (.text:ti_sysbios_knl_Clock_Params_init)
                  0000d43e    00000002     --HOLE-- [fill = 0]
                  0000d440    00000014     msp432p4xx_driverlib.lib : gpio.o (.text:GPIO_enableInterrupt)
                  0000d454    00000014     drivers_MSP432P401R.aem4f : GPIOMSP432.oem4f (.text:GPIO_read)
                  0000d468    00000014     msp432p4xx_driverlib.lib : gpio.o (.text:GPIO_setDriveStrengthHigh)
                  0000d47c    00000014                              : gpio.o (.text:GPIO_setOutputHighOnPin)
                  0000d490    00000014     drivers_MSP432P401R.aem4f : PWM.oem4f (.text:PWM_Params_init)
                  0000d4a4    00000014                               : PowerMSP432.oem4f (.text:Power_idleFunc)
                  0000d4b8    00000014     Sharp96x96.obj (.text:Sharp96x96_ClearBuffer)
                  0000d4cc    00000014     msp432p4xx_driverlib.lib : wdt_a.o (.text:WDT_A_startTimer)
                  0000d4e0    00000014     clockTask.obj (.text:clk0Fxn)
                  0000d4f4    00000014     rtsv7M4_T_le_v4SPD16_eabi.lib : _lock.obj (.text)
                  0000d508    00000014                                   : s_copysign.obj (.text)
                  0000d51c    00000014                                   : strcpy.obj (.text)
                  0000d530    00000014                                   : strlen.obj (.text)
                  0000d544    00000014     Robot_pem4f.oem4f (.text:ti_sysbios_family_arm_m3_Hwi_Object__get__S)
                  0000d558    00000014     sysbios.aem4f : BIOS.obj (.text:ti_sysbios_family_arm_m3_Hwi_switchFromBootStack__E)
                  0000d56c    00000014     Robot_pem4f.oem4f (.text:ti_sysbios_heaps_HeapMem_Object__get__S)
                  0000d580    00000014     Robot_pem4f.oem4f (.text:ti_sysbios_knl_Swi_Object__get__S)
                  0000d594    00000012     tirtosport.aem4f : SemaphoreP_tirtos.oem4f (.text:SemaphoreP_pend)
                  0000d5a6    00000012     Sharp96x96.obj (.text:Sharp96x96_ColorTranslate)
                  0000d5b8    00000012     heartBeatTask.obj (.text:heartBeatTaskFxn)
                  0000d5ca    00000006     msp432p4xx_driverlib.lib : i2c.o (.text:I2C_getInterruptStatus)
                  0000d5d0    00000012     sysbios.aem4f : BIOS.obj (.text:ti_sysbios_hal_Hwi_Module_startup__E)
                  0000d5e2    00000012     Robot_pem4f.oem4f (.text:xdc_runtime_Startup_exec__I)
                  0000d5f4    00000010     msp432p4xx_driverlib.lib : gpio.o (.text:GPIO_getInterruptStatus)
                  0000d604    00000010     drivers_MSP432P401R.aem4f : I2C.oem4f (.text:I2C_Params_init)
                  0000d614    00000010     msp432p4xx_driverlib.lib : i2c.o (.text:I2C_masterReceiveMultiByteStop)
                  0000d624    00000010                              : i2c.o (.text:I2C_masterReceiveStart)
                  0000d634    00000010                              : i2c.o (.text:I2C_masterSendStart)
                  0000d644    00000010                              : pcm.o (.text:PCM_gotoLPM4)
                  0000d654    00000004     --HOLE-- [fill = 0]
                  0000d658    00000010     sysbios.aem4f : BIOS.obj (.text:ti_sysbios_BIOS_setCpuFreq__E)
                  0000d668    00000010                   : BIOS.obj (.text:ti_sysbios_BIOS_setThreadType__E)
                  0000d678    00000010                   : BIOS.obj (.text:ti_sysbios_BIOS_start__E)
                  0000d688    00000010                   : m3_TaskSupport_asm.obj (.text:ti_sysbios_family_arm_m3_TaskSupport_glue)
                  0000d698    00000010                   : BIOS.obj (.text:ti_sysbios_family_arm_msp432_init_Boot_disableWatchdog)
                  0000d6a8    00000010                   : BIOS.obj (.text:ti_sysbios_gates_GateMutex_Instance_finalize__E)
                  0000d6b8    00000010                   : BIOS.obj (.text:ti_sysbios_knl_Semaphore_Instance_finalize__E)
                  0000d6c8    00000010                   : BIOS.obj (.text:ti_sysbios_knl_Swi_disable__E)
                  0000d6d8    00000010     Robot_pem4f.oem4f (.text:ti_sysbios_knl_Task_Object__get__S)
                  0000d6e8    00000010     sysbios.aem4f : BIOS.obj (.text:ti_sysbios_knl_Task_disable__E)
                  0000d6f8    00000010     ti.targets.arm.rtsarm.aem4f : Gate.oem4f (.text:xdc_runtime_Gate_leaveSystem__E)
                  0000d708    00000010                                 : Memory.oem4f (.text:xdc_runtime_Memory_free__E)
                  0000d718    00000010                                 : SysMin.oem4f (.text:xdc_runtime_SysMin_ready__E)
                  0000d728    00000010                                 : System.oem4f (.text:xdc_runtime_System_vsnprintf__E)
                  0000d738    00000010     Robot_pem4f.oem4f (.text:xdc_runtime_Text_visitRope__I)
                  0000d748    0000000e     tirtosport.aem4f : HwiP_tirtos.oem4f (.text:HwiP_Params_init)
                  0000d756    0000000e     msp432p4xx_driverlib.lib : i2c.o (.text:I2C_clearInterruptFlag)
                  0000d764    0000000e                              : i2c.o (.text:I2C_disableInterrupt)
                  0000d772    0000000e                              : i2c.o (.text:I2C_setMode)
                  0000d780    0000000e                              : timer_a.o (.text:Timer_A_setCompareValue)
                  0000d78e    0000000e     rtsv7M4_T_le_v4SPD16_eabi.lib : copy_decompress_none.obj (.text:decompress:none)
                  0000d79c    00000004     --HOLE-- [fill = 0]
                  0000d7a0    0000000e     sysbios.aem4f : BIOS.obj (.text:ti_sysbios_knl_Idle_loop__E)
                  0000d7ae    00000002     --HOLE-- [fill = 0]
                  0000d7b0    0000000e                   : BIOS.obj (.text:ti_sysbios_knl_Queue_empty__E)
                  0000d7be    0000000c     Robot_pem4f.oem4f (.text:.bootCodeSection:ti_sysbios_family_arm_msp432_init_Boot_init__I)
                  0000d7ca    0000000c     msp432p4xx_driverlib.lib : cpu.o (.text:CPU_cpsid)
                  0000d7d6    0000000c                              : cpu.o (.text:CPU_cpsie)
                  0000d7e2    0000000c                              : spi.o (.text:EUSCI_A_SPI_enable)
                  0000d7ee    0000000c                              : spi.o (.text:EUSCI_B_SPI_enable)
                  0000d7fa    0000000c                              : i2c.o (.text:I2C_disableModule)
                  0000d806    0000000c                              : i2c.o (.text:I2C_enableModule)
                  0000d812    00000002     --HOLE-- [fill = 0]
                  0000d814    0000000c                              : pcm.o (.text:PCM_getPowerState)
                  0000d820    0000000c     drivers_MSP432P401R.aem4f : PowerMSP432.oem4f (.text:Power_getConstraintMask)
                  0000d82c    0000000c                               : PowerMSP432.oem4f (.text:Power_getPerformanceLevel)
                  0000d838    0000000c     msp432p4xx_driverlib.lib : timer_a.o (.text:Timer_A_stopTimer)
                  0000d844    0000000c     rtsv7M4_T_le_v4SPD16_eabi.lib : copy_zero_init.obj (.text:decompress:ZI)
                  0000d850    0000000c     Robot_pem4f.oem4f (.text:ti_sysbios_family_arm_m3_Hwi_Params__init__S)
                  0000d85c    00000004     --HOLE-- [fill = 0]
                  0000d860    0000000c     sysbios.aem4f : BIOS.obj (.text:ti_sysbios_family_arm_m3_Hwi_disableFxn__E)
                  0000d86c    00000004     --HOLE-- [fill = 0]
                  0000d870    0000000c                   : BIOS.obj (.text:ti_sysbios_family_arm_m3_TaskSupport_checkStack__E)
                  0000d87c    00000004     --HOLE-- [fill = 0]
                  0000d880    0000000c                   : BIOS.obj (.text:ti_sysbios_family_arm_msp432_Timer_getMaxTicks__E)
                  0000d88c    00000004     --HOLE-- [fill = 0]
                  0000d890    0000000c                   : BIOS.obj (.text:ti_sysbios_gates_GateHwi_enter__E)
                  0000d89c    0000000c     Robot_pem4f.oem4f (.text:ti_sysbios_knl_Clock_Params__init__S)
                  0000d8a8    0000000c     sysbios.aem4f : BIOS.obj (.text:ti_sysbios_knl_Clock_getTicks__E)
                  0000d8b4    0000000c     Robot_pem4f.oem4f (.text:ti_sysbios_knl_Queue_Object__get__S)
                  0000d8c0    0000000c     Robot_pem4f.oem4f (.text:ti_sysbios_knl_Semaphore_Params__init__S)
                  0000d8cc    0000000c     ti.targets.arm.rtsarm.aem4f : Error.oem4f (.text:xdc_runtime_Error_init__E)
                  0000d8d8    0000000c                                 : Gate.oem4f (.text:xdc_runtime_Gate_enterSystem__E)
                  0000d8e4    0000000c                                 : Memory.oem4f (.text:xdc_runtime_Memory_calloc__E)
                  0000d8f0    0000000c                                 : Memory.oem4f (.text:xdc_runtime_Memory_getMaxDefaultTypeAlign__E)
                  0000d8fc    0000000c                                 : Startup.oem4f (.text:xdc_runtime_Startup_rtsDone__E)
                  0000d908    0000000a     drivers_MSP432P401R.aem4f : I2CMSP432.oem4f (.text:I2CMSP432_init)
                  0000d912    0000000a                               : I2C.oem4f (.text:I2C_transfer)
                  0000d91c    0000000a                               : PWM.oem4f (.text:PWM_setDuty)
                  0000d926    0000000a                               : PWM.oem4f (.text:PWM_start)
                  0000d930    0000000a     tirtosport.aem4f : SemaphoreP_tirtos.oem4f (.text:SemaphoreP_post)
                  0000d93a    0000000a     Robot_pem4f.oem4f (.text:xdc_runtime_IHeap_alloc)
                  0000d944    0000000a     Robot_pem4f.oem4f (.text:xdc_runtime_IHeap_free)
                  0000d94e    00000008     msp432p4xx_driverlib.lib : i2c.o (.text:I2C_enableInterrupt)
                  0000d956    00000008     MSP_EXP432P401R.obj (.text:MSP_EXP432P401R_initGPIO)
                  0000d95e    00000008     MSP_EXP432P401R.obj (.text:MSP_EXP432P401R_initGeneral)
                  0000d966    00000008     msp432p4xx_driverlib.lib : pcm.o (.text:PCM_setPowerMode)
                  0000d96e    00000008                              : pcm.o (.text:PCM_setPowerState)
                  0000d976    00000008     drivers_MSP432P401R.aem4f : PWMTimerMSP432.oem4f (.text:PWMTimerMSP432_init)
                  0000d97e    00000008     tirtosport.aem4f : SemaphoreP_tirtos.oem4f (.text:SemaphoreP_Params_init)
                  0000d986    00000008     msp432p4xx_driverlib.lib : timer_a.o (.text:Timer_A_startCounter)
                  0000d98e    00000008     drivers_MSP432P401R.aem4f : I2CMSP432.oem4f (.text:blockingTransferCallback)
                  0000d996    00000002     --HOLE-- [fill = 0]
                  0000d998    00000008     sysbios.aem4f : BIOS.obj (.text:ti_sysbios_family_arm_m3_Hwi_doSwiRestore__I)
                  0000d9a0    00000008                   : BIOS.obj (.text:ti_sysbios_family_arm_m3_Hwi_startup__E)
                  0000d9a8    00000006     msp432p4xx_driverlib.lib : i2c.o (.text:I2C_masterReceiveMultiByteNext)
                  0000d9ae    00000006     drivers_MSP432P401R.aem4f : PWMTimerMSP432.oem4f (.text:PWMTimerMSP432_control)
                  0000d9b4    00000004     --HOLE-- [fill = 0]
                  0000d9b8    00000006     sysbios.aem4f : BIOS.obj (.text:ti_sysbios_family_arm_m3_Hwi_doTaskRestore__I)
                  0000d9be    00000002     --HOLE-- [fill = 0]
                  0000d9c0    00000006                   : BIOS.obj (.text:ti_sysbios_family_arm_m3_Hwi_restoreFxn__E)
                  0000d9c6    00000002     --HOLE-- [fill = 0]
                  0000d9c8    00000006                   : BIOS.obj (.text:ti_sysbios_gates_GateHwi_leave__E)
                  0000d9ce    00000002     --HOLE-- [fill = 0]
                  0000d9d0    00000006                   : BIOS.obj (.text:ti_sysbios_heaps_HeapMem_isBlocking__E)
                  0000d9d6    00000002     --HOLE-- [fill = 0]
                  0000d9d8    00000006                   : BIOS.obj (.text:ti_sysbios_knl_Queue_Instance_init__E)
                  0000d9de    00000002     --HOLE-- [fill = 0]
                  0000d9e0    00000006                   : BIOS.obj (.text:ti_sysbios_knl_Swi_startup__E)
                  0000d9e6    00000006     ti.targets.arm.rtsarm.aem4f : System.oem4f (.text:xdc_runtime_System_Module_startup__E)
                  0000d9ec    00000004     --HOLE-- [fill = 0]
                  0000d9f0    00000004     sysbios.aem4f : BIOS.obj (.text:ti_sysbios_gates_GateHwi_query__E)
                  0000d9f4    00000004     --HOLE-- [fill = 0]
                  0000d9f8    00000004                   : BIOS.obj (.text:ti_sysbios_gates_GateMutex_query__E)
                  0000d9fc    00000004     --HOLE-- [fill = 0]
                  0000da00    00000004                   : BIOS.obj (.text:ti_sysbios_knl_Task_startup__E)
                  0000da04    00000004     --HOLE-- [fill = 0]
                  0000da08    00000002                   : BIOS.obj (.text:ti_sysbios_BIOS_linkedWithIncorrectBootLibrary__E)
                  0000da0a    00000006     --HOLE-- [fill = 0]
                  0000da10    00000002                   : BIOS.obj (.text:ti_sysbios_gates_GateHwi_Instance_init__E)
                  0000da12    00000006     --HOLE-- [fill = 0]
                  0000da18    00000002                   : BIOS.obj (.text:ti_sysbios_knl_Clock_logTick__E)

.const     0    0000da20    00002c1c     
                  0000da20    00001855     Robot_pem4f.oem4f (.const:xdc_runtime_Text_charTab__A)
                  0000f275    0000094d     fontcm20b.obj (.const:.string:g_pucCm20bData)
                  0000fbc2    00000002     Robot_pem4f.oem4f (.const:ti_sysbios_family_arm_m3_Hwi_Module__id__C)
                  0000fbc4    00000004     Robot_pem4f.oem4f (.const:ti_sysbios_family_arm_m3_Hwi_E_NMI__C)
                  0000fbc8    00000158     rtsv7M4_T_le_v4SPD16_eabi.lib : k_rem_pio2.obj (.const:$O1$$)
                  0000fd20    00000101                                   : ctype.obj (.const:.string:_ctypes_)
                  0000fe21    00000001     Robot_pem4f.oem4f (.const:xdc_runtime_Error_policy__C)
                  0000fe22    00000002     Robot_pem4f.oem4f (.const:ti_sysbios_gates_GateMutex_Module__id__C)
                  0000fe24    000000c8     fontcm20b.obj (.const:g_sFontCm20b)
                  0000feec    000000b0     Robot_pem4f.oem4f (.const:xdc_runtime_Text_nodeTab__A)
                  0000ff9c    00000048     Robot_pem4f.oem4f (.const:.string)
                  0000ffe4    0000003c     MSP_EXP432P401R.obj (.const:PWM_config)
                  00010020    00000034     rtsv7M4_T_le_v4SPD16_eabi.lib : s_atanf.obj (.const:$O1$$)
                  00010054    00000004     Robot_pem4f.oem4f (.const:ti_sysbios_family_arm_m3_Hwi_E_alreadyDefined__C)
                  00010058    00000030     rtsv7M4_T_le_v4SPD16_eabi.lib : e_pow.obj (.const:$O1$$)
                  00010088    00000030     MSP_EXP432P401R.obj (.const:I2C_config)
                  000100b8    00000030     Sharp96x96.obj (.const:g_sharp96x96LCD)
                  000100e8    00000030     MSP_EXP432P401R.obj (.const:i2cMSP432HWAttrs)
                  00010118    00000030     MSP_EXP432P401R.obj (.const:pwmTimerMSP432HWAttrs)
                  00010148    00000030     Robot_pem4f.oem4f (.const:ti_sysbios_family_arm_m3_Hwi_Object__PARAMS__C)
                  00010178    00000028     drivers_MSP432P401R.aem4f : PWMTimerMSP432.oem4f (.const)
                  000101a0    00000028     Robot_pem4f.oem4f (.const:ti_sysbios_heaps_HeapMem_Module__FXNS__C)
                  000101c8    00000024     Robot_pem4f.oem4f (.const:ti_sysbios_gates_GateHwi_Module__FXNS__C)
                  000101ec    00000024     Robot_pem4f.oem4f (.const:ti_sysbios_gates_GateMutex_Module__FXNS__C)
                  00010210    00000024     Robot_pem4f.oem4f (.const:ti_sysbios_heaps_HeapMem_Object__PARAMS__C)
                  00010234    00000024     Robot_pem4f.oem4f (.const:ti_sysbios_knl_Clock_Object__PARAMS__C)
                  00010258    00000024     Robot_pem4f.oem4f (.const:ti_sysbios_knl_Semaphore_Object__PARAMS__C)
                  0001027c    00000020     drivers_MSP432P401R.aem4f : I2CMSP432.oem4f (.const)
                  0001029c    00000020     Robot_pem4f.oem4f (.const:ti_sysbios_family_arm_m3_Hwi_Object__DESC__C)
                  000102bc    00000020     Robot_pem4f.oem4f (.const:ti_sysbios_gates_GateHwi_Object__DESC__C)
                  000102dc    00000020     Robot_pem4f.oem4f (.const:ti_sysbios_gates_GateMutex_Object__DESC__C)
                  000102fc    00000020     Robot_pem4f.oem4f (.const:ti_sysbios_heaps_HeapMem_Object__DESC__C)
                  0001031c    00000020     Robot_pem4f.oem4f (.const:ti_sysbios_knl_Clock_Object__DESC__C)
                  0001033c    00000020     Robot_pem4f.oem4f (.const:ti_sysbios_knl_Queue_Object__DESC__C)
                  0001035c    00000020     Robot_pem4f.oem4f (.const:ti_sysbios_knl_Semaphore_Object__DESC__C)
                  0001037c    00000020     Robot_pem4f.oem4f (.const:xdc_runtime_Startup_sfxnTab__A)
                  0001039c    0000001c     Sharp96x96.obj (.const:$P$T0$1)
                  000103b8    00000018     drivers_MSP432P401R.aem4f : PWM.oem4f (.const)
                  000103d0    00000018     Robot_pem4f.oem4f (.const:ti_sysbios_gates_GateHwi_Object__PARAMS__C)
                  000103e8    00000018     Robot_pem4f.oem4f (.const:ti_sysbios_gates_GateMutex_Object__PARAMS__C)
                  00010400    00000018     Robot_pem4f.oem4f (.const:ti_sysbios_knl_Queue_Object__PARAMS__C)
                  00010418    00000014     MSP_EXP432P401R.obj (.const:GPIOMSP432_config)
                  0001042c    00000010     MSP_EXP432P401R.obj (.const:PowerMSP432_config)
                  0001043c    00000010     drivers_MSP432P401R.aem4f : I2C.oem4f (.const)
                  0001044c    00000010     Robot_pem4f.oem4f (.const:xdc_runtime_Startup_sfxnRts__A)
                  0001045c    0000000c     drivers_MSP432P401R.aem4f : GPIOMSP432.oem4f (.const:.string)
                  00010468    0000000c     Robot_pem4f.oem4f (.const:xdc_runtime_Startup_firstFxns__A)
                  00010474    00000008     MSP_EXP432P401R.obj (.const:.string:$P$T0$1)
                  0001047c    00000008     Robot_pem4f.oem4f (.const:ti_sysbios_family_arm_m3_Hwi_excHookFuncs__A)
                  00010484    00000008     Robot_pem4f.oem4f (.const:ti_sysbios_knl_Idle_funcList__A)
                  0001048c    00000008     Robot_pem4f.oem4f (.const:ti_sysbios_knl_Idle_funcList__C)
                  00010494    00000008     Robot_pem4f.oem4f (.const:xdc_runtime_Startup_firstFxns__C)
                  0001049c    00000008     Robot_pem4f.oem4f (.const:xdc_runtime_Startup_lastFxns__C)
                  000104a4    00000004     Robot_pem4f.oem4f (.const:ti_sysbios_family_arm_m3_Hwi_E_busFault__C)
                  000104a8    00000004     Robot_pem4f.oem4f (.const:ti_sysbios_family_arm_m3_Hwi_E_debugMon__C)
                  000104ac    00000004     Robot_pem4f.oem4f (.const:ti_sysbios_family_arm_m3_Hwi_E_hardFault__C)
                  000104b0    00000004     Robot_pem4f.oem4f (.const:ti_sysbios_family_arm_m3_Hwi_E_memFault__C)
                  000104b4    00000004     Robot_pem4f.oem4f (.const:ti_sysbios_family_arm_m3_Hwi_E_noIsr__C)
                  000104b8    00000004     Robot_pem4f.oem4f (.const:ti_sysbios_family_arm_m3_Hwi_E_reserved__C)
                  000104bc    00000004     Robot_pem4f.oem4f (.const:ti_sysbios_family_arm_m3_Hwi_E_svCall__C)
                  000104c0    00000004     Robot_pem4f.oem4f (.const:ti_sysbios_family_arm_m3_Hwi_E_usageFault__C)
                  000104c4    00000004     Robot_pem4f.oem4f (.const:ti_sysbios_family_arm_m3_Hwi_NUM_INTERRUPTS__C)
                  000104c8    00000004     Robot_pem4f.oem4f (.const:ti_sysbios_family_arm_m3_Hwi_Object__count__C)
                  000104cc    00000004     Robot_pem4f.oem4f (.const:ti_sysbios_family_arm_m3_Hwi_ccr__C)
                  000104d0    00000004     Robot_pem4f.oem4f (.const:ti_sysbios_family_arm_m3_Hwi_excHandlerFunc__C)
                  000104d4    00000004     Robot_pem4f.oem4f (.const:ti_sysbios_family_arm_m3_Hwi_excHookFuncs__C)
                  000104d8    00000004     Robot_pem4f.oem4f (.const:ti_sysbios_family_arm_m3_Hwi_nullIsrFunc__C)
                  000104dc    00000004     Robot_pem4f.oem4f (.const:ti_sysbios_family_arm_m3_Hwi_priGroup__C)
                  000104e0    00000004     Robot_pem4f.oem4f (.const:ti_sysbios_family_arm_msp432_Timer_numTimerDevices__C)
                  000104e4    00000004     Robot_pem4f.oem4f (.const:ti_sysbios_family_arm_msp432_Timer_startupNeeded__C)
                  000104e8    00000004     Robot_pem4f.oem4f (.const:ti_sysbios_gates_GateMutex_A_badContext__C)
                  000104ec    00000004     Robot_pem4f.oem4f (.const:ti_sysbios_gates_GateMutex_Instance_State_sem__O)
                  000104f0    00000004     Robot_pem4f.oem4f (.const:ti_sysbios_gates_GateMutex_Module__diagsEnabled__C)
                  000104f4    00000004     Robot_pem4f.oem4f (.const:ti_sysbios_gates_GateMutex_Module__diagsIncluded__C)
                  000104f8    00000004     Robot_pem4f.oem4f (.const:ti_sysbios_gates_GateMutex_Module__diagsMask__C)
                  000104fc    00000004     Robot_pem4f.oem4f (.const:ti_sysbios_hal_Hwi_E_stackOverflow__C)
                  00010500    00000004     Robot_pem4f.oem4f (.const:ti_sysbios_heaps_HeapMem_A_align__C)
                  00010504    00000004     Robot_pem4f.oem4f (.const:ti_sysbios_heaps_HeapMem_A_heapSize__C)
                  00010508    00000004     Robot_pem4f.oem4f (.const:ti_sysbios_heaps_HeapMem_A_invalidFree__C)
                  0001050c    00000004     Robot_pem4f.oem4f (.const:ti_sysbios_heaps_HeapMem_A_zeroBlock__C)
                  00010510    00000004     Robot_pem4f.oem4f (.const:ti_sysbios_heaps_HeapMem_E_memory__C)
                  00010514    00000004     Robot_pem4f.oem4f (.const:ti_sysbios_heaps_HeapMem_Module__diagsEnabled__C)
                  00010518    00000004     Robot_pem4f.oem4f (.const:ti_sysbios_heaps_HeapMem_Module__diagsIncluded__C)
                  0001051c    00000004     Robot_pem4f.oem4f (.const:ti_sysbios_heaps_HeapMem_Module__diagsMask__C)
                  00010520    00000004     Robot_pem4f.oem4f (.const:ti_sysbios_heaps_HeapMem_Module__gateObj__C)
                  00010524    00000004     Robot_pem4f.oem4f (.const:ti_sysbios_heaps_HeapMem_Object__count__C)
                  00010528    00000004     Robot_pem4f.oem4f (.const:ti_sysbios_heaps_HeapMem_reqAlign__C)
                  0001052c    00000004     Robot_pem4f.oem4f (.const:ti_sysbios_knl_Clock_A_badThreadType__C)
                  00010530    00000004     Robot_pem4f.oem4f (.const:ti_sysbios_knl_Clock_Module_State_clockQ__O)
                  00010534    00000004     Robot_pem4f.oem4f (.const:ti_sysbios_knl_Clock_Module__diagsEnabled__C)
                  00010538    00000004     Robot_pem4f.oem4f (.const:ti_sysbios_knl_Clock_Module__diagsIncluded__C)
                  0001053c    00000004     Robot_pem4f.oem4f (.const:ti_sysbios_knl_Clock_Module__diagsMask__C)
                  00010540    00000004     Robot_pem4f.oem4f (.const:ti_sysbios_knl_Clock_tickPeriod__C)
                  00010544    00000004     Robot_pem4f.oem4f (.const:ti_sysbios_knl_Semaphore_A_badContext__C)
                  00010548    00000004     Robot_pem4f.oem4f (.const:ti_sysbios_knl_Semaphore_A_noEvents__C)
                  0001054c    00000004     Robot_pem4f.oem4f (.const:ti_sysbios_knl_Semaphore_A_overflow__C)
                  00010550    00000004     Robot_pem4f.oem4f (.const:ti_sysbios_knl_Semaphore_A_pendTaskDisabled__C)
                  00010554    00000004     Robot_pem4f.oem4f (.const:ti_sysbios_knl_Semaphore_Instance_State_pendQ__O)
                  00010558    00000004     Robot_pem4f.oem4f (.const:ti_sysbios_knl_Semaphore_Module__diagsEnabled__C)
                  0001055c    00000004     Robot_pem4f.oem4f (.const:ti_sysbios_knl_Semaphore_Module__diagsIncluded__C)
                  00010560    00000004     Robot_pem4f.oem4f (.const:ti_sysbios_knl_Semaphore_Module__diagsMask__C)
                  00010564    00000004     Robot_pem4f.oem4f (.const:ti_sysbios_knl_Swi_Object__count__C)
                  00010568    00000004     Robot_pem4f.oem4f (.const:ti_sysbios_knl_Task_A_badTimeout__C)
                  0001056c    00000004     Robot_pem4f.oem4f (.const:ti_sysbios_knl_Task_A_sleepTaskDisabled__C)
                  00010570    00000004     Robot_pem4f.oem4f (.const:ti_sysbios_knl_Task_E_spOutOfBounds__C)
                  00010574    00000004     Robot_pem4f.oem4f (.const:ti_sysbios_knl_Task_E_stackOverflow__C)
                  00010578    00000004     Robot_pem4f.oem4f (.const:ti_sysbios_knl_Task_Module_State_inactiveQ__O)
                  0001057c    00000004     Robot_pem4f.oem4f (.const:ti_sysbios_knl_Task_Module__diagsEnabled__C)
                  00010580    00000004     Robot_pem4f.oem4f (.const:ti_sysbios_knl_Task_Module__diagsIncluded__C)
                  00010584    00000004     Robot_pem4f.oem4f (.const:ti_sysbios_knl_Task_Module__diagsMask__C)
                  00010588    00000004     Robot_pem4f.oem4f (.const:ti_sysbios_knl_Task_Object__count__C)
                  0001058c    00000004     Robot_pem4f.oem4f (.const:ti_sysbios_knl_Task_allBlockedFunc__C)
                  00010590    00000004     Robot_pem4f.oem4f (.const:ti_sysbios_knl_Task_numConstructedTasks__C)
                  00010594    00000004     Robot_pem4f.oem4f (.const:xdc_runtime_Assert_E_assertFailed__C)
                  00010598    00000004     Robot_pem4f.oem4f (.const:xdc_runtime_Core_A_initializedParams__C)
                  0001059c    00000004     Robot_pem4f.oem4f (.const:xdc_runtime_Core_Module__diagsEnabled__C)
                  000105a0    00000004     Robot_pem4f.oem4f (.const:xdc_runtime_Core_Module__diagsIncluded__C)
                  000105a4    00000004     Robot_pem4f.oem4f (.const:xdc_runtime_Core_Module__diagsMask__C)
                  000105a8    00000004     Robot_pem4f.oem4f (.const:xdc_runtime_Error_E_memory__C)
                  000105ac    00000004     Robot_pem4f.oem4f (.const:xdc_runtime_Error_Module__diagsEnabled__C)
                  000105b0    00000004     Robot_pem4f.oem4f (.const:xdc_runtime_Error_Module__diagsIncluded__C)
                  000105b4    00000004     Robot_pem4f.oem4f (.const:xdc_runtime_Error_Module__diagsMask__C)
                  000105b8    00000004     Robot_pem4f.oem4f (.const:xdc_runtime_Error_Module__loggerFxn8__C)
                  000105bc    00000004     Robot_pem4f.oem4f (.const:xdc_runtime_Error_Module__loggerObj__C)
                  000105c0    00000004     Robot_pem4f.oem4f (.const:xdc_runtime_Error_policyFxn__C)
                  000105c4    00000004     Robot_pem4f.oem4f (.const:xdc_runtime_Error_raiseHook__C)
                  000105c8    00000004     Robot_pem4f.oem4f (.const:xdc_runtime_IGateProvider_Interface__BASE__C)
                  000105cc    00000004     Robot_pem4f.oem4f (.const:xdc_runtime_IHeap_Interface__BASE__C)
                  000105d0    00000004     Robot_pem4f.oem4f (.const:xdc_runtime_IModule_Interface__BASE__C)
                  000105d4    00000004     Robot_pem4f.oem4f (.const:xdc_runtime_Log_L_error__C)
                  000105d8    00000004     Robot_pem4f.oem4f (.const:xdc_runtime_Memory_defaultHeapInstance__C)
                  000105dc    00000004     Robot_pem4f.oem4f (.const:xdc_runtime_Startup_execImpl__C)
                  000105e0    00000004     Robot_pem4f.oem4f (.const:xdc_runtime_Startup_maxPasses__C)
                  000105e4    00000004     Robot_pem4f.oem4f (.const:xdc_runtime_Startup_sfxnRts__C)
                  000105e8    00000004     Robot_pem4f.oem4f (.const:xdc_runtime_Startup_sfxnTab__C)
                  000105ec    00000004     Robot_pem4f.oem4f (.const:xdc_runtime_SysMin_bufSize__C)
                  000105f0    00000004     Robot_pem4f.oem4f (.const:xdc_runtime_SysMin_outputFunc__C)
                  000105f4    00000004     Robot_pem4f.oem4f (.const:xdc_runtime_System_Module__gateObj__C)
                  000105f8    00000004     Robot_pem4f.oem4f (.const:xdc_runtime_System_abortFxn__C)
                  000105fc    00000004     Robot_pem4f.oem4f (.const:xdc_runtime_System_exitFxn__C)
                  00010600    00000004     Robot_pem4f.oem4f (.const:xdc_runtime_System_extendFxn__C)
                  00010604    00000004     Robot_pem4f.oem4f (.const:xdc_runtime_System_maxAtexitHandlers__C)
                  00010608    00000004     Robot_pem4f.oem4f (.const:xdc_runtime_Text_charTab__C)
                  0001060c    00000004     Robot_pem4f.oem4f (.const:xdc_runtime_Text_nameEmpty__C)
                  00010610    00000004     Robot_pem4f.oem4f (.const:xdc_runtime_Text_nameStatic__C)
                  00010614    00000004     Robot_pem4f.oem4f (.const:xdc_runtime_Text_nameUnknown__C)
                  00010618    00000004     Robot_pem4f.oem4f (.const:xdc_runtime_Text_nodeTab__C)
                  0001061c    00000004     Robot_pem4f.oem4f (.const:xdc_runtime_Text_visitRopeFxn__C)
                  00010620    00000002     Robot_pem4f.oem4f (.const:ti_sysbios_hal_Hwi_Module__id__C)
                  00010622    00000002     Robot_pem4f.oem4f (.const:ti_sysbios_heaps_HeapMem_Module__id__C)
                  00010624    00000002     Robot_pem4f.oem4f (.const:ti_sysbios_knl_Clock_Module__id__C)
                  00010626    00000002     Robot_pem4f.oem4f (.const:ti_sysbios_knl_Semaphore_Module__id__C)
                  00010628    00000002     Robot_pem4f.oem4f (.const:ti_sysbios_knl_Task_Module__id__C)
                  0001062a    00000002     Robot_pem4f.oem4f (.const:xdc_runtime_Core_Module__id__C)
                  0001062c    00000002     Robot_pem4f.oem4f (.const:xdc_runtime_Error_Module__loggerDefined__C)
                  0001062e    00000002     Robot_pem4f.oem4f (.const:xdc_runtime_Error_maxDepth__C)
                  00010630    00000002     Robot_pem4f.oem4f (.const:xdc_runtime_Memory_Module__id__C)
                  00010632    00000002     Robot_pem4f.oem4f (.const:xdc_runtime_SysMin_flushAtExit__C)
                  00010634    00000002     Robot_pem4f.oem4f (.const:xdc_runtime_Text_charCnt__C)
                  00010636    00000002     Robot_pem4f.oem4f (.const:xdc_runtime_Text_isLoaded__C)
                  00010638    00000002     Robot_pem4f.oem4f (.const:xdc_runtime_Text_registryModsLastId__C)
                  0001063a    00000002     Robot_pem4f.oem4f (.const:xdc_runtime_Text_unnamedModsLastId__C)

.cinit     0    00010640    000003b8     
                  00010640    0000037f     (.cinit..data.load) [load image, compression = lzss]
                  000109bf    00000001     --HOLE-- [fill = 0]
                  000109c0    0000000c     (__TI_handler_table)
                  000109cc    00000004     --HOLE-- [fill = 0]
                  000109d0    00000008     (.cinit..bss.load) [load image, compression = zero_init]
                  000109d8    00000008     (.cinit..vecs.load) [load image, compression = zero_init]
                  000109e0    00000018     (__TI_cinit_table)

.resetVecs 
*          0    00000000    0000003c     
                  00000000    0000003c     Robot_pem4f.oem4f (.resetVecs)

.vecs      0    20000000    00000140     UNINITIALIZED
                  20000000    00000140     Robot_pem4f.oem4f (.vecs)

.bss       0    20000140    0000563d     UNINITIALIZED
                  20000140    00002ee0     (.common:DisplayBuffer)
                  20003020    00001e00     Robot_pem4f.oem4f (.bss:taskStackSection)
                  20004e20    00000400     (.common:ti_sysbios_heaps_HeapMem_Instance_State_0_buf__A)
                  20005220    00000140     (.common:ti_sysbios_family_arm_m3_Hwi_dispatchTable)
                  20005360    00000120     rtsv7M4_T_le_v4SPD16_eabi.lib : trgmsg.obj (.bss:_CIOBUF_)
                  20005480    000000d8     (.common:i2cMSP432Objects)
                  20005558    000000a0     (.common:__TI_tmpnams)
                  200055f8    00000080     (.common:xdc_runtime_SysMin_Module_State_0_outbuf__A)
                  20005678    00000030     drivers_MSP432P401R.aem4f : GPIOMSP432.oem4f (.bss:gpioCallbackInfo)
                  200056a8    00000030     (.common:pwmTimerMSP432Objects)
                  200056d8    00000024     (.common:clk0Struct)
                  200056fc    00000018     (.common:params)
                  20005714    00000010     (.common:distanceLeft)
                  20005724    00000010     (.common:distanceRight)
                  20005734    00000008     (.common:parmbuf)
                  2000573c    00000004     (.common:DeadReckonLeftSpeed)
                  20005740    00000004     (.common:DeadReckonRightSpeed)
                  20005744    00000004     (.common:angle)
                  20005748    00000004     (.common:deviationPerSecond)
                  2000574c    00000004     (.common:distance)
                  20005750    00000004     (.common:encoderLeftStart)
                  20005754    00000004     (.common:encoderRightStart)
                  20005758    00000004     (.common:pwmLeftBackward)
                  2000575c    00000004     (.common:pwmLeftForward)
                  20005760    00000004     (.common:pwmRightBackward)
                  20005764    00000004     (.common:pwmRightForward)
                  20005768    00000004     (.common:time)
                  2000576c    00000004     (.common:timeStart)
                  20005770    00000004     (.common:wallFront)
                  20005774    00000004     (.common:wallLeft)
                  20005778    00000004     (.common:wallRight)
                  2000577c    00000001     (.common:isThereWallFront)

.data      0    20005780    00000a13     UNINITIALIZED
                  20005780    000001c8     Robot_pem4f.oem4f (.data:ti_sysbios_knl_Task_Object__table__V)
                  20005948    000000f0     rtsv7M4_T_le_v4SPD16_eabi.lib : defs.obj (.data:_ftable)
                  20005a38    0000009c     drivers_MSP432P401R.aem4f : PowerMSP432.oem4f (.data:PowerMSP432_perfLevels)
                  20005ad4    00000080                               : PWMTimerMSP432.oem4f (.data:pwmTimerStatus)
                  20005b54    00000080     Robot_pem4f.oem4f (.data:ti_sysbios_knl_Swi_Module_State_0_readyQ__A)
                  20005bd4    00000080     Robot_pem4f.oem4f (.data:ti_sysbios_knl_Task_Module_State_0_readyQ__A)
                  20005c54    00000078     rtsv7M4_T_le_v4SPD16_eabi.lib : write.obj (.data:_device)
                  20005ccc    0000006c     MSP_EXP432P401R.obj (.data:gpioCallbackFunctions)
                  20005d38    0000006c     MSP_EXP432P401R.obj (.data:gpioPinConfigs)
                  20005da4    0000006c     motorTask.obj (.data)
                  20005e10    00000050     rtsv7M4_T_le_v4SPD16_eabi.lib : write.obj (.data:_stream)
                  20005e60    0000004c     Robot_pem4f.oem4f (.data:ti_sysbios_family_arm_msp432_Timer_Object__table__V)
                  20005eac    00000044     Robot_pem4f.oem4f (.data:ti_sysbios_knl_Task_Module__state__V)
                  20005ef0    00000038     Robot_pem4f.oem4f (.data:ti_sysbios_gates_GateMutex_Object__table__V)
                  20005f28    00000034     Robot_pem4f.oem4f (.data:ti_sysbios_family_arm_m3_Hwi_Module__state__V)
                  20005f5c    00000030     msp432p4xx_driverlib.lib : gpio.o (.data:GPIO_PORT_TO_BASE)
                  20005f8c    00000030     Robot_pem4f.oem4f (.data:ti_sysbios_knl_Swi_Object__table__V)
                  20005fbc    0000002c     Robot_pem4f.oem4f (.data:ti_sysbios_knl_Clock_Module__state__V)
                  20005fe8    00000028     drivers_MSP432P401R.aem4f : PowerMSP432.oem4f (.data:PowerMSP432_module)
                  20006010    00000024     Robot_pem4f.oem4f (.data:ti_sysbios_BIOS_Module__state__V)
[...]
00010234  ti_sysbios_knl_Clock_Object__PARAMS__C                      
00010258  ti_sysbios_knl_Semaphore_Object__PARAMS__C                  
0001027c  I2CMSP432_fxnTable                                          
0001029c  ti_sysbios_family_arm_m3_Hwi_Object__DESC__C                
000102bc  ti_sysbios_gates_GateHwi_Object__DESC__C                    
000102dc  ti_sysbios_gates_GateMutex_Object__DESC__C                  
000102fc  ti_sysbios_heaps_HeapMem_Object__DESC__C                    
0001031c  ti_sysbios_knl_Clock_Object__DESC__C                        
0001033c  ti_sysbios_knl_Queue_Object__DESC__C                        
0001035c  ti_sysbios_knl_Semaphore_Object__DESC__C                    
0001037c  xdc_runtime_Startup_sfxnTab__A                              
000103b8  PWM_defaultParams                                           
000103d0  ti_sysbios_gates_GateHwi_Object__PARAMS__C                  
000103e8  ti_sysbios_gates_GateMutex_Object__PARAMS__C                
00010400  ti_sysbios_knl_Queue_Object__PARAMS__C                      
00010418  GPIOMSP432_config                                           
0001042c  PowerMSP432_config                                          
0001043c  I2C_defaultParams                                           
0001044c  xdc_runtime_Startup_sfxnRts__A                              
00010468  xdc_runtime_Startup_firstFxns__A                            
0001047c  ti_sysbios_family_arm_m3_Hwi_excHookFuncs__A                
00010484  ti_sysbios_knl_Idle_funcList__A                             
0001048c  ti_sysbios_knl_Idle_funcList__C                             
00010494  xdc_runtime_Startup_firstFxns__C                            
0001049c  xdc_runtime_Startup_lastFxns__C                             
000104a4  ti_sysbios_family_arm_m3_Hwi_E_busFault__C                  
000104a8  ti_sysbios_family_arm_m3_Hwi_E_debugMon__C                  
000104ac  ti_sysbios_family_arm_m3_Hwi_E_hardFault__C                 
000104b0  ti_sysbios_family_arm_m3_Hwi_E_memFault__C                  
000104b4  ti_sysbios_family_arm_m3_Hwi_E_noIsr__C                     
000104b8  ti_sysbios_family_arm_m3_Hwi_E_reserved__C                  
000104bc  ti_sysbios_family_arm_m3_Hwi_E_svCall__C                    
000104c0  ti_sysbios_family_arm_m3_Hwi_E_usageFault__C                
000104c4  ti_sysbios_family_arm_m3_Hwi_NUM_INTERRUPTS__C              
000104c8  ti_sysbios_family_arm_m3_Hwi_Object__count__C               
000104cc  ti_sysbios_family_arm_m3_Hwi_ccr__C                         
000104d0  ti_sysbios_family_arm_m3_Hwi_excHandlerFunc__C              
000104d4  ti_sysbios_family_arm_m3_Hwi_excHookFuncs__C                
000104d8  ti_sysbios_family_arm_m3_Hwi_nullIsrFunc__C                 
000104dc  ti_sysbios_family_arm_m3_Hwi_priGroup__C                    
000104e0  ti_sysbios_family_arm_msp432_Timer_numTimerDevices__C       
000104e4  ti_sysbios_family_arm_msp432_Timer_startupNeeded__C         
000104e8  ti_sysbios_gates_GateMutex_A_badContext__C                  
000104ec  ti_sysbios_gates_GateMutex_Instance_State_sem__O            
000104f0  ti_sysbios_gates_GateMutex_Module__diagsEnabled__C          
000104f4  ti_sysbios_gates_GateMutex_Module__diagsIncluded__C         
000104f8  ti_sysbios_gates_GateMutex_Module__diagsMask__C             
000104fc  ti_sysbios_hal_Hwi_E_stackOverflow__C                       
00010500  ti_sysbios_heaps_HeapMem_A_align__C                         
00010504  ti_sysbios_heaps_HeapMem_A_heapSize__C                      
00010508  ti_sysbios_heaps_HeapMem_A_invalidFree__C                   
0001050c  ti_sysbios_heaps_HeapMem_A_zeroBlock__C                     
00010510  ti_sysbios_heaps_HeapMem_E_memory__C                        
00010514  ti_sysbios_heaps_HeapMem_Module__diagsEnabled__C            
00010518  ti_sysbios_heaps_HeapMem_Module__diagsIncluded__C           
0001051c  ti_sysbios_heaps_HeapMem_Module__diagsMask__C               
00010520  ti_sysbios_heaps_HeapMem_Module__gateObj__C                 
00010524  ti_sysbios_heaps_HeapMem_Object__count__C                   
00010528  ti_sysbios_heaps_HeapMem_reqAlign__C                        
0001052c  ti_sysbios_knl_Clock_A_badThreadType__C                     
00010530  ti_sysbios_knl_Clock_Module_State_clockQ__O                 
00010534  ti_sysbios_knl_Clock_Module__diagsEnabled__C                
00010538  ti_sysbios_knl_Clock_Module__diagsIncluded__C               
0001053c  ti_sysbios_knl_Clock_Module__diagsMask__C                   
00010540  ti_sysbios_knl_Clock_tickPeriod__C                          
00010544  ti_sysbios_knl_Semaphore_A_badContext__C                    
00010548  ti_sysbios_knl_Semaphore_A_noEvents__C                      
0001054c  ti_sysbios_knl_Semaphore_A_overflow__C                      
00010550  ti_sysbios_knl_Semaphore_A_pendTaskDisabled__C              
00010554  ti_sysbios_knl_Semaphore_Instance_State_pendQ__O            
00010558  ti_sysbios_knl_Semaphore_Module__diagsEnabled__C            
0001055c  ti_sysbios_knl_Semaphore_Module__diagsIncluded__C           
00010560  ti_sysbios_knl_Semaphore_Module__diagsMask__C               
00010564  ti_sysbios_knl_Swi_Object__count__C                         
00010568  ti_sysbios_knl_Task_A_badTimeout__C                         
0001056c  ti_sysbios_knl_Task_A_sleepTaskDisabled__C                  
00010570  ti_sysbios_knl_Task_E_spOutOfBounds__C                      
00010574  ti_sysbios_knl_Task_E_stackOverflow__C                      
00010578  ti_sysbios_knl_Task_Module_State_inactiveQ__O               
0001057c  ti_sysbios_knl_Task_Module__diagsEnabled__C                 
00010580  ti_sysbios_knl_Task_Module__diagsIncluded__C                
00010584  ti_sysbios_knl_Task_Module__diagsMask__C                    
00010588  ti_sysbios_knl_Task_Object__count__C                        
0001058c  ti_sysbios_knl_Task_allBlockedFunc__C                       
00010590  ti_sysbios_knl_Task_numConstructedTasks__C                  
00010594  xdc_runtime_Assert_E_assertFailed__C                        
00010598  xdc_runtime_Core_A_initializedParams__C                     
0001059c  xdc_runtime_Core_Module__diagsEnabled__C                    
000105a0  xdc_runtime_Core_Module__diagsIncluded__C                   
000105a4  xdc_runtime_Core_Module__diagsMask__C                       
000105a8  xdc_runtime_Error_E_memory__C                               
000105ac  xdc_runtime_Error_Module__diagsEnabled__C                   
000105b0  xdc_runtime_Error_Module__diagsIncluded__C                  
000105b4  xdc_runtime_Error_Module__diagsMask__C                      
000105b8  xdc_runtime_Error_Module__loggerFxn8__C                     
000105bc  xdc_runtime_Error_Module__loggerObj__C                      
000105c0  xdc_runtime_Error_policyFxn__C                              
000105c4  xdc_runtime_Error_raiseHook__C                              
000105c8  xdc_runtime_IGateProvider_Interface__BASE__C                
000105cc  xdc_runtime_IHeap_Interface__BASE__C                        
000105d0  xdc_runtime_IModule_Interface__BASE__C                      
000105d4  xdc_runtime_Log_L_error__C                                  
000105d8  xdc_runtime_Memory_defaultHeapInstance__C                   
000105dc  xdc_runtime_Startup_execImpl__C                             
000105e0  xdc_runtime_Startup_maxPasses__C                            
000105e4  xdc_runtime_Startup_sfxnRts__C                              
000105e8  xdc_runtime_Startup_sfxnTab__C                              
000105ec  xdc_runtime_SysMin_bufSize__C                               
000105f0  xdc_runtime_SysMin_outputFunc__C                            
000105f4  xdc_runtime_System_Module__gateObj__C                       
000105f8  xdc_runtime_System_abortFxn__C                              
000105fc  xdc_runtime_System_exitFxn__C                               
00010600  xdc_runtime_System_extendFxn__C                             
00010604  xdc_runtime_System_maxAtexitHandlers__C                     
00010608  xdc_runtime_Text_charTab__C                                 
0001060c  xdc_runtime_Text_nameEmpty__C                               
00010610  xdc_runtime_Text_nameStatic__C                              
00010614  xdc_runtime_Text_nameUnknown__C                             
00010618  xdc_runtime_Text_nodeTab__C                                 
0001061c  xdc_runtime_Text_visitRopeFxn__C                            
00010620  ti_sysbios_hal_Hwi_Module__id__C                            
00010622  ti_sysbios_heaps_HeapMem_Module__id__C                      
00010624  ti_sysbios_knl_Clock_Module__id__C                          
00010626  ti_sysbios_knl_Semaphore_Module__id__C                      
00010628  ti_sysbios_knl_Task_Module__id__C                           
0001062a  xdc_runtime_Core_Module__id__C                              
0001062c  xdc_runtime_Error_Module__loggerDefined__C                  
0001062e  xdc_runtime_Error_maxDepth__C                               
00010630  xdc_runtime_Memory_Module__id__C                            
00010632  xdc_runtime_SysMin_flushAtExit__C                           
00010634  xdc_runtime_Text_charCnt__C                                 
00010636  xdc_runtime_Text_isLoaded__C                                
00010638  xdc_runtime_Text_registryModsLastId__C                      
0001063a  xdc_runtime_Text_unnamedModsLastId__C                       
00010640  __TI_static_base__                                          
000109c0  __TI_Handler_Table_Base                                     
000109cc  __TI_Handler_Table_Limit                                    
000109e0  __TI_CINIT_Base                                             
000109f8  __TI_CINIT_Limit                                            
20000000  ti_sysbios_family_arm_m3_Hwi_ramVectors                     
20000140  DisplayBuffer                                               
20003020  ti_sysbios_knl_Task_Instance_State_0_stack__A               
20003220  ti_sysbios_knl_Task_Instance_State_1_stack__A               
20003a20  ti_sysbios_knl_Task_Instance_State_2_stack__A               
20004220  ti_sysbios_knl_Task_Instance_State_3_stack__A               
20004420  ti_sysbios_knl_Task_Instance_State_4_stack__A               
20004c20  ti_sysbios_knl_Task_Instance_State_5_stack__A               
20004e20  ti_sysbios_heaps_HeapMem_Instance_State_0_buf__A            
20005220  ti_sysbios_family_arm_m3_Hwi_dispatchTable                  
20005360  __CIOBUF_                                                   
20005480  i2cMSP432Objects                                            
20005558  __TI_tmpnams                                                
200055f8  xdc_runtime_SysMin_Module_State_0_outbuf__A                 
200056a8  pwmTimerMSP432Objects                                       
200056d8  clk0Struct                                                  
200056fc  params                                                      
20005714  distanceLeft                                                
20005724  distanceRight                                               
20005734  parmbuf                                                     
2000573c  DeadReckonLeftSpeed                                         
20005740  DeadReckonRightSpeed                                        
20005744  angle                                                       
20005748  deviationPerSecond                                          
2000574c  distance                                                    
20005750  encoderLeftStart                                            
20005754  encoderRightStart                                           
20005758  pwmLeftBackward                                             
2000575c  pwmLeftForward                                              
20005760  pwmRightBackward                                            
20005764  pwmRightForward                                             
20005768  time                                                        
2000576c  timeStart                                                   
20005770  wallFront                                                   
20005774  wallLeft                                                    
20005778  wallRight                                                   
2000577c  isThereWallFront                                            
20005780  ti_sysbios_knl_Task_Object__table__V                        
20005948  _ftable                                                     
20005a38  PowerMSP432_perfLevels                                      
20005b54  ti_sysbios_knl_Swi_Module_State_0_readyQ__A                 
20005bd4  ti_sysbios_knl_Task_Module_State_0_readyQ__A                
20005c54  _device                                                     
20005ccc  gpioCallbackFunctions                                       
20005d38  gpioPinConfigs                                              
20005da4  pwmPeriod                                                   
20005da6  dutyLeft                                                    
20005da8  dutyRight                                                   
20005daa  dutyTurn                                                    
20005dac  dutyZero                                                    
20005db0  KpLeft                                                      
20005db4  TiLeft                                                      
20005db8  TdLeft                                                      
20005dbc  KpRight                                                     
20005dc0  TiRight                                                     
20005dc4  TdRight                                                     
20005dc8  pidLeft                                                     
20005dcc  pidRight                                                    
20005dd0  errorLeftP                                                  
20005dd4  errorLeftI                                                  
20005dd8  errorLeftD                                                  
20005ddc  errorLeftPre                                                
20005de0  errorRightP                                                 
20005de4  errorRightI                                                 
20005de8  errorRightD                                                 
20005dec  errorRightPre                                               
20005df0  DeadReckonX                                                 
20005df4  DeadReckonY                                                 
20005df8  wallFollSpdR                                                
20005dfc  wallFollSpdL                                                
20005e00  wallDistance                                                
20005e04  constantSpeed                                               
20005e08  speedLeft                                                   
20005e0c  speedRight                                                  
20005e10  _stream                                                     
20005e60  ti_sysbios_family_arm_msp432_Timer_Object__table__V         
20005eac  ti_sysbios_knl_Task_Module__state__V                        
20005ef0  ti_sysbios_gates_GateMutex_Object__table__V                 
20005f28  ti_sysbios_family_arm_m3_Hwi_Module__state__V               
20005f8c  ti_sysbios_knl_Swi_Object__table__V                         
20005fbc  ti_sysbios_knl_Clock_Module__state__V                       
20005fe8  PowerMSP432_module                                          
20006010  ti_sysbios_BIOS_Module__state__V                            
20006034  ti_sysbios_family_arm_msp432_Timer_Module_State_0_device__A 
20006054  ti_sysbios_knl_Swi_Module__state__V                         
20006070  ti_sysbios_family_arm_m3_Hwi_Object__table__V               
20006088  ti_sysbios_heaps_HeapMem_Object__table__V                   
200060a0  state                                                       
200060a4  encoderLeft                                                 
200060a8  encoderRight                                                
200060ac  taskNumber                                                  
200060b0  __TI_ft_end                                                 
200060b4  __aeabi_stdin                                               
200060b8  __aeabi_stdout                                              
200060bc  __aeabi_stderr                                              
200060c0  ti_sysbios_family_arm_msp432_Timer_Module_State_0_handles__A
200060d0  __TI_cleanup_ptr                                            
200060d4  __TI_dtors_ptr                                              
200060d8  __TI_enable_exit_profile_output                             
200060dc  ti_sysbios_family_arm_msp432_ClockFreqs_Module__state__V    
200060e8  ti_sysbios_family_arm_msp432_Timer_Module__state__V         
200060f4  xdc_runtime_SysMin_Module__state__V                         
20006100  _lock                                                       
20006104  _unlock                                                     
20006108  ti_sysbios_family_arm_m3_Hwi_Module__root__V                
20006110  ti_sysbios_gates_GateHwi_Module__root__V                    
20006118  ti_sysbios_gates_GateMutex_Module__root__V                  
20006120  ti_sysbios_heaps_HeapMem_Module__root__V                    
20006128  ti_sysbios_knl_Clock_Module__root__V                        
20006130  ti_sysbios_knl_Queue_Module__root__V                        
20006138  ti_sysbios_knl_Semaphore_Module__root__V                    
20006140  xdc_runtime_Registry_Module__state__V                       
20006148  xdc_runtime_Startup_Module__state__V                        
20006150  xdc_runtime_System_Module_State_0_atexitHandlers__A         
20006158  xdc_runtime_System_Module__state__V                         
20006168  errno                                                       
20006174  main_func_sp                                                
20006178  ti_sysbios_family_arm_m3_Hwi_Module_State_0_excContext__A   
2000617c  ti_sysbios_family_arm_m3_Hwi_Module_State_0_excStack__A     
20006180  ti_sysbios_gates_GateHwi_Object__table__V                   
20006184  ti_sysbios_knl_Task_Module_State_0_idleTask__A              
20006188  xdc_runtime_Memory_Module__state__V                         
2000618c  VCOMbit                                                     
2000618d  flagSendToggleVCOMCommand                                   
2000618e  ti_sysbios_family_arm_m3_Hwi_Module_State_0_excActive__A    
20006190  xdc_runtime_Error_Module__state__V                          
2000fd00  __stack                                                     
20010000  __STACK_END                                                 
4000480c  WDTCTL_SYM                                                  
e000e000  ti_sysbios_family_arm_m3_Hwi_nvic                           
ffffffff  __TI_pprof_out_hndl                                         
ffffffff  __TI_prof_data_size                                         
ffffffff  __TI_prof_data_start                                        
ffffffff  __binit__                                                   
ffffffff  __c_args__                                                  
ffffffff  binit                                                       
UNDEFED   SHT$$INIT_ARRAY$$Base                                       
UNDEFED   SHT$$INIT_ARRAY$$Limit                                      

[839 symbols]
